Component: ARM Compiler 5.06 update 6 (build 750) Tool: armlink [4d35ed]

==============================================================================

Section Cross References

    main.o(.text) refers to os_cpu_c.o(.text) for OS_CPU_SysTickInit
    main.o(.text) refers to os_core.o(.text) for OSStatInit
    main.o(.text) refers to task.o(.text) for App_Task
    main.o(.text) refers to os_time.o(.text) for OSTimeDlyHMSM
    main.o(.text) refers to os_cpu_a.o(.text) for CPU_IntDis
    main.o(.text) refers to os_task.o(.text) for OSTaskCreateExt
    main.o(.text) refers to system_stm32f4xx.o(.data) for SystemCoreClock
    main.o(.text) refers to main.o(.bss) for App_TaskStartStk
    stm32f4xx_it.o(.text) refers to os_cpu_a.o(.text) for OS_CPU_SR_Save
    stm32f4xx_it.o(.text) refers to can.o(.text) for CAN_RxMsg
    stm32f4xx_it.o(.text) refers to movebase.o(.text) for Pulse2Vel
    stm32f4xx_it.o(.text) refers to os_core.o(.data) for OSIntNesting
    stm32f4xx_it.o(.text) refers to task.o(.bss) for gRobot
    stm32f4xx_it.o(.text) refers to stm32f4xx_can.o(.text) for CAN_ClearFlag
    stm32f4xx_it.o(.text) refers to os_core.o(.text) for OSIntExit
    stm32f4xx_it.o(.text) refers to robot.o(.text) for ArmAngle2PositionInverseTransform
    stm32f4xx_it.o(.text) refers to guncontrol.o(.text) for ShootAngle2PositionInverseTransform
    stm32f4xx_it.o(.text) refers to stm32f4xx_tim.o(.text) for TIM_GetITStatus
    stm32f4xx_it.o(.text) refers to os_sem.o(.text) for OSSemPost
    stm32f4xx_it.o(.text) refers to iwdg.o(.text) for IWDG_Feed
    stm32f4xx_it.o(.text) refers to stm32f4xx_it.o(.data) for periodCounter
    stm32f4xx_it.o(.text) refers to task.o(.data) for PeriodSem
    stm32f4xx_it.o(.text) refers to stm32f4xx_usart.o(.text) for USART_GetITStatus
    stm32f4xx_it.o(.text) refers to telecontroller.o(.text) for TeleCmdBufferInput_BT
    stm32f4xx_it.o(.text) refers to steerreset.o(.text) for LoopMsgBufferInput
    stm32f4xx_it.o(.text) refers to dma.o(.text) for USARTDMAOUT
    stm32f4xx_it.o(.text) refers to rt_memcpy_w.o(.text) for __aeabi_memcpy4
    stm32f4xx_it.o(.text) refers to dma.o(.bss) for DebugUSARTDMASendBuf
    stm32f4xx_it.o(.text) refers to dma.o(.data) for DebugUSARTSendBuffCnt
    stm32f4xx_it.o(.text) refers to timer.o(.text) for wait
    timer.o(.text) refers to stm32f4xx_rcc.o(.text) for RCC_APB2PeriphClockCmd
    timer.o(.text) refers to stm32f4xx_tim.o(.text) for TIM_TimeBaseInit
    timer.o(.text) refers to misc.o(.text) for NVIC_Init
    timer.o(.text) refers to stm32f4xx_gpio.o(.text) for GPIO_PinAFConfig
    gpio.o(.text) refers to stm32f4xx_rcc.o(.text) for RCC_AHB1PeriphClockCmd
    gpio.o(.text) refers to stm32f4xx_gpio.o(.text) for GPIO_Init
    usart.o(.text) refers to stm32f4xx_usart.o(.text) for USART_SendData
    usart.o(.text) refers to stm32f4xx_rcc.o(.text) for RCC_AHB1PeriphClockCmd
    usart.o(.text) refers to stm32f4xx_gpio.o(.text) for GPIO_PinAFConfig
    usart.o(.text) refers to misc.o(.text) for NVIC_Init
    task.o(.text) refers to stm32f4xx_gpio.o(.text) for GPIO_ReadInputDataBit
    task.o(.text) refers to pps.o(.text) for GetAngle
    task.o(.text) refers to guncontrol.o(.text) for GunSendMsg2Main
    task.o(.text) refers to timer.o(.text) for wait
    task.o(.text) refers to robot.o(.text) for ReleaseTheGerege
    task.o(.text) refers to dma.o(.text) for USARTDMAOUT
    task.o(.text) refers to os_sem.o(.text) for OSSemSet
    task.o(.text) refers to os_time.o(.text) for OSTimeDly
    task.o(.text) refers to light.o(.text) for Pink
    task.o(.text) refers to elmo.o(.text) for ReadActualPos
    task.o(.text) refers to task.o(.data) for trigerTimes
    task.o(.text) refers to task.o(.bss) for gRobot
    task.o(.text) refers to dma.o(.bss) for DebugUSARTDMASendBuf
    task.o(.text) refers to dma.o(.data) for DebugUSARTSendBuffCnt
    task.o(.text) refers to guncontrol.o(.data) for gGunPosDataBase
    task.o(.text) refers to movebase.o(.text) for SendSelfCheckWheelSpeed
    task.o(.text) refers to sqrtf.o(i.__hardfp_sqrtf) for __hardfp_sqrtf
    task.o(.text) refers to atan2f.o(i.__hardfp_atan2f) for __hardfp_atan2f
    task.o(.text) refers to pps.o(.bss) for laserValue
    task.o(.text) refers to f2d.o(x$fpl$f2d) for __aeabi_f2d
    task.o(.text) refers to sin.o(i.__hardfp_sin) for __hardfp_sin
    task.o(.text) refers to dmul.o(x$fpl$dmul) for __aeabi_dmul
    task.o(.text) refers to dfix.o(x$fpl$dfix) for __aeabi_d2iz
    task.o(.text) refers to cos.o(i.__hardfp_cos) for __hardfp_cos
    task.o(.text) refers to steerreset.o(.text) for GetSteerLoopShift
    task.o(.text) refers to os_task.o(.text) for OSTaskSuspend
    task.o(.text) refers to gpio.o(.text) for GPIO_Init_Pins
    task.o(.text) refers to adc.o(.text) for GasPressureADCInit
    task.o(.text) refers to dac.o(.text) for DAC1_Init
    task.o(.text) refers to usart.o(.text) for USART6_Init
    task.o(.text) refers to can.o(.text) for CAN_Config
[...]
    OSQAccept                                0x08010a5d   Thumb Code    98  os_q.o(.text)
    OSQCreate                                0x08010abf   Thumb Code   144  os_q.o(.text)
    OSQDel                                   0x08010b4f   Thumb Code   254  os_q.o(.text)
    OSQFlush                                 0x08010c4d   Thumb Code    52  os_q.o(.text)
    OSQPend                                  0x08010c81   Thumb Code   288  os_q.o(.text)
    OSQPendAbort                             0x08010da1   Thumb Code   138  os_q.o(.text)
    OSQPost                                  0x08010e2b   Thumb Code   120  os_q.o(.text)
    OSQPostFront                             0x08010ea3   Thumb Code   146  os_q.o(.text)
    OSQPostOpt                               0x08010f35   Thumb Code   188  os_q.o(.text)
    OSQQuery                                 0x08010ff1   Thumb Code   110  os_q.o(.text)
    OS_QInit                                 0x0801105f   Thumb Code    72  os_q.o(.text)
    OSSemAccept                              0x080110b1   Thumb Code    48  os_sem.o(.text)
    OSSemCreate                              0x080110e1   Thumb Code    72  os_sem.o(.text)
    OSSemDel                                 0x08011129   Thumb Code   220  os_sem.o(.text)
    OSSemPend                                0x08011205   Thumb Code   236  os_sem.o(.text)
    OSSemPendAbort                           0x080112f1   Thumb Code   138  os_sem.o(.text)
    OSSemPost                                0x0801137b   Thumb Code    94  os_sem.o(.text)
    OSSemQuery                               0x080113d9   Thumb Code    88  os_sem.o(.text)
    OSSemSet                                 0x08011431   Thumb Code    74  os_sem.o(.text)
    OSTaskChangePrio                         0x08011491   Thumb Code   418  os_task.o(.text)
    OSTaskCreate                             0x08011633   Thumb Code   156  os_task.o(.text)
    OS_TaskStkClr                            0x080116cf   Thumb Code    26  os_task.o(.text)
    OSTaskCreateExt                          0x080116e9   Thumb Code   178  os_task.o(.text)
    OSTaskDel                                0x0801179b   Thumb Code   354  os_task.o(.text)
    OSTaskDelReq                             0x080118fd   Thumb Code   112  os_task.o(.text)
    OSTaskNameGet                            0x0801196d   Thumb Code   140  os_task.o(.text)
    OSTaskNameSet                            0x080119f9   Thumb Code   120  os_task.o(.text)
    OSTaskResume                             0x08011a71   Thumb Code   162  os_task.o(.text)
    OSTaskStkChk                             0x08011b13   Thumb Code   150  os_task.o(.text)
    OSTaskSuspend                            0x08011ba9   Thumb Code   172  os_task.o(.text)
    OSTaskQuery                              0x08011c55   Thumb Code   132  os_task.o(.text)
    OSTaskRegGet                             0x08011cd9   Thumb Code    86  os_task.o(.text)
    OSTaskRegSet                             0x08011d2f   Thumb Code    84  os_task.o(.text)
    OS_TaskReturn                            0x08011d83   Thumb Code    18  os_task.o(.text)
    OSTimeDly                                0x08011d9d   Thumb Code   100  os_time.o(.text)
    OSTimeDlyHMSM                            0x08011e01   Thumb Code   124  os_time.o(.text)
    OSTimeDlyResume                          0x08011e7d   Thumb Code   168  os_time.o(.text)
    OSTimeGet                                0x08011f25   Thumb Code    24  os_time.o(.text)
    OSTimeSet                                0x08011f3d   Thumb Code    24  os_time.o(.text)
    OSTmrCreate                              0x08011fa3   Thumb Code   142  os_tmr.o(.text)
    OSTmrDel                                 0x080120a9   Thumb Code   134  os_tmr.o(.text)
    OSTmrNameGet                             0x0801212f   Thumb Code   134  os_tmr.o(.text)
    OSTmrRemainGet                           0x080121b5   Thumb Code   172  os_tmr.o(.text)
    OSTmrStateGet                            0x08012261   Thumb Code    96  os_tmr.o(.text)
    OSTmrStart                               0x08012325   Thumb Code   166  os_tmr.o(.text)
    OSTmrStop                                0x080123cb   Thumb Code   190  os_tmr.o(.text)
    OSTmrSignal                              0x08012489   Thumb Code    16  os_tmr.o(.text)
    OSTmr_Init                               0x0801253d   Thumb Code   172  os_tmr.o(.text)
    OSTaskReturnHook                         0x08012651   Thumb Code     2  os_apphooks.o(.text)
    App_TaskCreateHook                       0x08012653   Thumb Code     2  os_apphooks.o(.text)
    App_TaskDelHook                          0x08012655   Thumb Code     2  os_apphooks.o(.text)
    App_TaskIdleHook                         0x08012657   Thumb Code     2  os_apphooks.o(.text)
    App_TaskReturnHook                       0x08012659   Thumb Code     2  os_apphooks.o(.text)
    App_TaskStatHook                         0x0801265b   Thumb Code     2  os_apphooks.o(.text)
    App_TaskSwHook                           0x0801265d   Thumb Code     2  os_apphooks.o(.text)
    App_TCBInitHook                          0x0801265f   Thumb Code     2  os_apphooks.o(.text)
    App_TimeTickHook                         0x08012661   Thumb Code     2  os_apphooks.o(.text)
    GPIO_DeInit                              0x08012665   Thumb Code   220  stm32f4xx_gpio.o(.text)
    GPIO_Init                                0x08012741   Thumb Code   144  stm32f4xx_gpio.o(.text)
    GPIO_StructInit                          0x080127d1   Thumb Code    18  stm32f4xx_gpio.o(.text)
    GPIO_PinLockConfig                       0x080127e3   Thumb Code    34  stm32f4xx_gpio.o(.text)
    GPIO_ReadInputDataBit                    0x08012805   Thumb Code    18  stm32f4xx_gpio.o(.text)
    GPIO_ReadInputData                       0x08012817   Thumb Code     8  stm32f4xx_gpio.o(.text)
    GPIO_ReadOutputDataBit                   0x0801281f   Thumb Code    18  stm32f4xx_gpio.o(.text)
    GPIO_ReadOutputData                      0x08012831   Thumb Code     8  stm32f4xx_gpio.o(.text)
    GPIO_SetBits                             0x08012839   Thumb Code     4  stm32f4xx_gpio.o(.text)
    GPIO_ResetBits                           0x0801283d   Thumb Code     4  stm32f4xx_gpio.o(.text)
    GPIO_WriteBit                            0x08012841   Thumb Code    10  stm32f4xx_gpio.o(.text)
    GPIO_Write                               0x0801284b   Thumb Code     4  stm32f4xx_gpio.o(.text)
    GPIO_ToggleBits                          0x0801284f   Thumb Code     8  stm32f4xx_gpio.o(.text)
    GPIO_PinAFConfig                         0x08012857   Thumb Code    70  stm32f4xx_gpio.o(.text)
    RCC_DeInit                               0x080128c1   Thumb Code    60  stm32f4xx_rcc.o(.text)
    RCC_HSEConfig                            0x080128fd   Thumb Code    14  stm32f4xx_rcc.o(.text)
    RCC_GetFlagStatus                        0x0801290b   Thumb Code    60  stm32f4xx_rcc.o(.text)
    RCC_WaitForHSEStartUp                    0x08012947   Thumb Code    56  stm32f4xx_rcc.o(.text)
    RCC_AdjustHSICalibrationValue            0x0801297f   Thumb Code    20  stm32f4xx_rcc.o(.text)
    RCC_HSICmd                               0x08012993   Thumb Code     6  stm32f4xx_rcc.o(.text)
    RCC_LSEConfig                            0x08012999   Thumb Code    46  stm32f4xx_rcc.o(.text)
    RCC_LSICmd                               0x080129c7   Thumb Code     6  stm32f4xx_rcc.o(.text)
    RCC_PLLConfig                            0x080129cd   Thumb Code    32  stm32f4xx_rcc.o(.text)
    RCC_PLLCmd                               0x080129ed   Thumb Code     6  stm32f4xx_rcc.o(.text)
    RCC_PLLI2SConfig                         0x080129f3   Thumb Code    14  stm32f4xx_rcc.o(.text)
    RCC_PLLI2SCmd                            0x08012a01   Thumb Code     6  stm32f4xx_rcc.o(.text)
    RCC_ClockSecuritySystemCmd               0x08012a07   Thumb Code     6  stm32f4xx_rcc.o(.text)
    RCC_MCO1Config                           0x08012a0d   Thumb Code    28  stm32f4xx_rcc.o(.text)
    RCC_MCO2Config                           0x08012a29   Thumb Code    28  stm32f4xx_rcc.o(.text)
    RCC_SYSCLKConfig                         0x08012a45   Thumb Code    20  stm32f4xx_rcc.o(.text)
    RCC_GetSYSCLKSource                      0x08012a59   Thumb Code    12  stm32f4xx_rcc.o(.text)
    RCC_HCLKConfig                           0x08012a65   Thumb Code    20  stm32f4xx_rcc.o(.text)
    RCC_PCLK1Config                          0x08012a79   Thumb Code    20  stm32f4xx_rcc.o(.text)
    RCC_PCLK2Config                          0x08012a8d   Thumb Code    22  stm32f4xx_rcc.o(.text)
    RCC_GetClocksFreq                        0x08012aa3   Thumb Code   222  stm32f4xx_rcc.o(.text)
    RCC_RTCCLKConfig                         0x08012b81   Thumb Code    54  stm32f4xx_rcc.o(.text)
    RCC_RTCCLKCmd                            0x08012bb7   Thumb Code     8  stm32f4xx_rcc.o(.text)
    RCC_BackupResetCmd                       0x08012bbf   Thumb Code     8  stm32f4xx_rcc.o(.text)
    RCC_I2SCLKConfig                         0x08012bc7   Thumb Code     6  stm32f4xx_rcc.o(.text)
    RCC_AHB1PeriphClockCmd                   0x08012bcd   Thumb Code    34  stm32f4xx_rcc.o(.text)
    RCC_AHB2PeriphClockCmd                   0x08012bef   Thumb Code    34  stm32f4xx_rcc.o(.text)
    RCC_AHB3PeriphClockCmd                   0x08012c11   Thumb Code    34  stm32f4xx_rcc.o(.text)
    RCC_APB1PeriphClockCmd                   0x08012c33   Thumb Code    34  stm32f4xx_rcc.o(.text)
    RCC_APB2PeriphClockCmd                   0x08012c55   Thumb Code    34  stm32f4xx_rcc.o(.text)
    RCC_AHB1PeriphResetCmd                   0x08012c77   Thumb Code    34  stm32f4xx_rcc.o(.text)
    RCC_AHB2PeriphResetCmd                   0x08012c99   Thumb Code    72  stm32f4xx_rcc.o(.text)
    RCC_AHB3PeriphResetCmd                   0x08012ce1   Thumb Code    34  stm32f4xx_rcc.o(.text)
    RCC_APB1PeriphResetCmd                   0x08012d03   Thumb Code    34  stm32f4xx_rcc.o(.text)
    RCC_APB2PeriphResetCmd                   0x08012d25   Thumb Code    34  stm32f4xx_rcc.o(.text)
    RCC_AHB1PeriphClockLPModeCmd             0x08012d47   Thumb Code    34  stm32f4xx_rcc.o(.text)
    RCC_AHB2PeriphClockLPModeCmd             0x08012d69   Thumb Code    34  stm32f4xx_rcc.o(.text)
    RCC_AHB3PeriphClockLPModeCmd             0x08012d8b   Thumb Code    34  stm32f4xx_rcc.o(.text)
    RCC_APB1PeriphClockLPModeCmd             0x08012dad   Thumb Code    34  stm32f4xx_rcc.o(.text)
    RCC_APB2PeriphClockLPModeCmd             0x08012dcf   Thumb Code    34  stm32f4xx_rcc.o(.text)
    RCC_ITConfig                             0x08012df1   Thumb Code    34  stm32f4xx_rcc.o(.text)
    RCC_ClearFlag                            0x08012e13   Thumb Code    18  stm32f4xx_rcc.o(.text)
    RCC_GetITStatus                          0x08012e25   Thumb Code    22  stm32f4xx_rcc.o(.text)
    RCC_ClearITPendingBit                    0x08012e3b   Thumb Code     8  stm32f4xx_rcc.o(.text)
    NVIC_PriorityGroupConfig                 0x08012e49   Thumb Code    10  misc.o(.text)
    NVIC_Init                                0x08012e53   Thumb Code   106  misc.o(.text)
    NVIC_SetVectorTable                      0x08012ebd   Thumb Code    14  misc.o(.text)
    NVIC_SystemLPConfig                      0x08012ecb   Thumb Code    34  misc.o(.text)
    SysTick_CLKSourceConfig                  0x08012eed   Thumb Code    40  misc.o(.text)
    TIM_DeInit                               0x08012f29   Thumb Code   346  stm32f4xx_tim.o(.text)
    TIM_TimeBaseInit                         0x08013083   Thumb Code   104  stm32f4xx_tim.o(.text)
    TIM_TimeBaseStructInit                   0x080130eb   Thumb Code    18  stm32f4xx_tim.o(.text)
    TIM_PrescalerConfig                      0x080130fd   Thumb Code     6  stm32f4xx_tim.o(.text)
    TIM_CounterModeConfig                    0x08013103   Thumb Code    18  stm32f4xx_tim.o(.text)
    TIM_SetCounter                           0x08013115   Thumb Code     4  stm32f4xx_tim.o(.text)
    TIM_SetAutoreload                        0x08013119   Thumb Code     4  stm32f4xx_tim.o(.text)
    TIM_GetCounter                           0x0801311d   Thumb Code     6  stm32f4xx_tim.o(.text)
    TIM_GetPrescaler                         0x08013123   Thumb Code     6  stm32f4xx_tim.o(.text)
    TIM_UpdateDisableConfig                  0x08013129   Thumb Code    24  stm32f4xx_tim.o(.text)
    TIM_UpdateRequestConfig                  0x08013141   Thumb Code    24  stm32f4xx_tim.o(.text)
    TIM_ARRPreloadConfig                     0x08013159   Thumb Code    24  stm32f4xx_tim.o(.text)
    TIM_SelectOnePulseMode                   0x08013171   Thumb Code    18  stm32f4xx_tim.o(.text)
    TIM_SetClockDivision                     0x08013183   Thumb Code    18  stm32f4xx_tim.o(.text)
    TIM_Cmd                                  0x08013195   Thumb Code    24  stm32f4xx_tim.o(.text)
    TIM_OC1Init                              0x080131ad   Thumb Code   114  stm32f4xx_tim.o(.text)
    TIM_OC2Init                              0x0801321f   Thumb Code   154  stm32f4xx_tim.o(.text)
    TIM_OC3Init                              0x080132b9   Thumb Code   204  stm32f4xx_tim.o(.text)
    TIM_OC4Init                              0x08013385   Thumb Code   112  stm32f4xx_tim.o(.text)
    TIM_OCStructInit                         0x080133f5   Thumb Code    20  stm32f4xx_tim.o(.text)
    TIM_SelectOCxM                           0x08013409   Thumb Code    86  stm32f4xx_tim.o(.text)
    TIM_SetCompare1                          0x0801345f   Thumb Code     4  stm32f4xx_tim.o(.text)
    TIM_SetCompare2                          0x08013463   Thumb Code     4  stm32f4xx_tim.o(.text)
    TIM_SetCompare3                          0x08013467   Thumb Code     4  stm32f4xx_tim.o(.text)
    TIM_SetCompare4                          0x0801346b   Thumb Code     4  stm32f4xx_tim.o(.text)
    TIM_ForcedOC1Config                      0x0801346f   Thumb Code    18  stm32f4xx_tim.o(.text)
    TIM_ForcedOC2Config                      0x08013481   Thumb Code    26  stm32f4xx_tim.o(.text)
    TIM_ForcedOC3Config                      0x0801349b   Thumb Code    18  stm32f4xx_tim.o(.text)
    TIM_ForcedOC4Config                      0x080134ad   Thumb Code    26  stm32f4xx_tim.o(.text)
    TIM_OC1PreloadConfig                     0x080134c7   Thumb Code    18  stm32f4xx_tim.o(.text)
    TIM_OC2PreloadConfig                     0x080134d9   Thumb Code    26  stm32f4xx_tim.o(.text)
    TIM_OC3PreloadConfig                     0x080134f3   Thumb Code    18  stm32f4xx_tim.o(.text)
    TIM_OC4PreloadConfig                     0x08013505   Thumb Code    26  stm32f4xx_tim.o(.text)
    TIM_OC1FastConfig                        0x0801351f   Thumb Code    18  stm32f4xx_tim.o(.text)
    TIM_OC2FastConfig                        0x08013531   Thumb Code    26  stm32f4xx_tim.o(.text)
    TIM_OC3FastConfig                        0x0801354b   Thumb Code    18  stm32f4xx_tim.o(.text)
    TIM_OC4FastConfig                        0x0801355d   Thumb Code    26  stm32f4xx_tim.o(.text)
    TIM_ClearOC1Ref                          0x08013577   Thumb Code    18  stm32f4xx_tim.o(.text)
    TIM_ClearOC2Ref                          0x08013589   Thumb Code    24  stm32f4xx_tim.o(.text)
    TIM_ClearOC3Ref                          0x080135a1   Thumb Code    18  stm32f4xx_tim.o(.text)
    TIM_ClearOC4Ref                          0x080135b3   Thumb Code    24  stm32f4xx_tim.o(.text)
    TIM_OC1PolarityConfig                    0x080135cb   Thumb Code    18  stm32f4xx_tim.o(.text)
    TIM_OC1NPolarityConfig                   0x080135dd   Thumb Code    18  stm32f4xx_tim.o(.text)
    TIM_OC2PolarityConfig                    0x080135ef   Thumb Code    26  stm32f4xx_tim.o(.text)
    TIM_OC2NPolarityConfig                   0x08013609   Thumb Code    26  stm32f4xx_tim.o(.text)
    TIM_OC3PolarityConfig                    0x08013623   Thumb Code    26  stm32f4xx_tim.o(.text)
    TIM_OC3NPolarityConfig                   0x0801363d   Thumb Code    26  stm32f4xx_tim.o(.text)
    TIM_OC4PolarityConfig                    0x08013657   Thumb Code    26  stm32f4xx_tim.o(.text)
    TIM_CCxCmd                               0x08013671   Thumb Code    30  stm32f4xx_tim.o(.text)
    TIM_CCxNCmd                              0x0801368f   Thumb Code    30  stm32f4xx_tim.o(.text)
    TIM_SetIC4Prescaler                      0x080136ad   Thumb Code    26  stm32f4xx_tim.o(.text)
    TIM_SetIC3Prescaler                      0x08013717   Thumb Code    18  stm32f4xx_tim.o(.text)
    TIM_SetIC2Prescaler                      0x08013771   Thumb Code    26  stm32f4xx_tim.o(.text)
    TIM_SetIC1Prescaler                      0x080137e5   Thumb Code    18  stm32f4xx_tim.o(.text)
    TIM_ICInit                               0x08013831   Thumb Code   110  stm32f4xx_tim.o(.text)
    TIM_ICStructInit                         0x0801389f   Thumb Code    18  stm32f4xx_tim.o(.text)
    TIM_PWMIConfig                           0x080138b1   Thumb Code   124  stm32f4xx_tim.o(.text)
    TIM_GetCapture1                          0x0801392d   Thumb Code     6  stm32f4xx_tim.o(.text)
    TIM_GetCapture2                          0x08013933   Thumb Code     6  stm32f4xx_tim.o(.text)
    TIM_GetCapture3                          0x08013939   Thumb Code     6  stm32f4xx_tim.o(.text)
    TIM_GetCapture4                          0x0801393f   Thumb Code     6  stm32f4xx_tim.o(.text)
    TIM_BDTRConfig                           0x08013945   Thumb Code    32  stm32f4xx_tim.o(.text)
    TIM_BDTRStructInit                       0x08013965   Thumb Code    18  stm32f4xx_tim.o(.text)
    TIM_CtrlPWMOutputs                       0x08013977   Thumb Code    30  stm32f4xx_tim.o(.text)
    TIM_SelectCOM                            0x08013995   Thumb Code    24  stm32f4xx_tim.o(.text)
    TIM_CCPreloadControl                     0x080139ad   Thumb Code    24  stm32f4xx_tim.o(.text)
    TIM_ITConfig                             0x080139c5   Thumb Code    18  stm32f4xx_tim.o(.text)
    TIM_GenerateEvent                        0x080139d7   Thumb Code     4  stm32f4xx_tim.o(.text)
    TIM_GetFlagStatus                        0x080139db   Thumb Code    18  stm32f4xx_tim.o(.text)
    TIM_ClearFlag                            0x080139ed   Thumb Code     6  stm32f4xx_tim.o(.text)
    TIM_GetITStatus                          0x080139f3   Thumb Code    34  stm32f4xx_tim.o(.text)
    TIM_ClearITPendingBit                    0x08013a15   Thumb Code     6  stm32f4xx_tim.o(.text)
    TIM_DMAConfig                            0x08013a1b   Thumb Code    10  stm32f4xx_tim.o(.text)
    TIM_DMACmd                               0x08013a25   Thumb Code    18  stm32f4xx_tim.o(.text)
    TIM_SelectCCDMA                          0x08013a37   Thumb Code    24  stm32f4xx_tim.o(.text)
    TIM_InternalClockConfig                  0x08013a4f   Thumb Code    12  stm32f4xx_tim.o(.text)
    TIM_SelectInputTrigger                   0x08013a5b   Thumb Code    18  stm32f4xx_tim.o(.text)
    TIM_ITRxExternalClockConfig              0x08013a6d   Thumb Code    24  stm32f4xx_tim.o(.text)
    TIM_TIxExternalClockConfig               0x08013a85   Thumb Code    62  stm32f4xx_tim.o(.text)
    TIM_ETRConfig                            0x08013ac3   Thumb Code    28  stm32f4xx_tim.o(.text)
    TIM_ETRClockMode1Config                  0x08013adf   Thumb Code    54  stm32f4xx_tim.o(.text)
    TIM_ETRClockMode2Config                  0x08013b15   Thumb Code    32  stm32f4xx_tim.o(.text)
    TIM_SelectOutputTrigger                  0x08013b35   Thumb Code    18  stm32f4xx_tim.o(.text)
    TIM_SelectSlaveMode                      0x08013b47   Thumb Code    18  stm32f4xx_tim.o(.text)
    TIM_SelectMasterSlaveMode                0x08013b59   Thumb Code    18  stm32f4xx_tim.o(.text)
    TIM_EncoderInterfaceConfig               0x08013b6b   Thumb Code    66  stm32f4xx_tim.o(.text)
    TIM_SelectHallSensor                     0x08013bad   Thumb Code    24  stm32f4xx_tim.o(.text)
    TIM_RemapConfig                          0x08013bc5   Thumb Code     6  stm32f4xx_tim.o(.text)
    USART_DeInit                             0x08013bcd   Thumb Code   156  stm32f4xx_usart.o(.text)
    USART_Init                               0x08013c69   Thumb Code   204  stm32f4xx_usart.o(.text)
    USART_StructInit                         0x08013d35   Thumb Code    24  stm32f4xx_usart.o(.text)
    USART_ClockInit                          0x08013d4d   Thumb Code    32  stm32f4xx_usart.o(.text)
    USART_ClockStructInit                    0x08013d6d   Thumb Code    12  stm32f4xx_usart.o(.text)
    USART_Cmd                                0x08013d79   Thumb Code    24  stm32f4xx_usart.o(.text)
    USART_SetPrescaler                       0x08013d91   Thumb Code    16  stm32f4xx_usart.o(.text)
    USART_OverSampling8Cmd                   0x08013da1   Thumb Code    22  stm32f4xx_usart.o(.text)
    USART_OneBitMethodCmd                    0x08013db7   Thumb Code    24  stm32f4xx_usart.o(.text)
    USART_ClearFlag                          0x08013dcf   Thumb Code    18  stm32f4xx_usart.o(.text)
    USART_GetFlagStatus                      0x08013de1   Thumb Code    26  stm32f4xx_usart.o(.text)
    USART_SendData                           0x08013dfb   Thumb Code    44  stm32f4xx_usart.o(.text)
    USART_ReceiveData                        0x08013e27   Thumb Code    10  stm32f4xx_usart.o(.text)
    USART_SetAddress                         0x08013e31   Thumb Code    18  stm32f4xx_usart.o(.text)
    USART_ReceiverWakeUpCmd                  0x08013e43   Thumb Code    24  stm32f4xx_usart.o(.text)
    USART_WakeUpConfig                       0x08013e5b   Thumb Code    18  stm32f4xx_usart.o(.text)
    USART_LINBreakDetectLengthConfig         0x08013e6d   Thumb Code    18  stm32f4xx_usart.o(.text)
    USART_LINCmd                             0x08013e7f   Thumb Code    24  stm32f4xx_usart.o(.text)
    USART_SendBreak                          0x08013e97   Thumb Code    10  stm32f4xx_usart.o(.text)
    USART_HalfDuplexCmd                      0x08013ea1   Thumb Code    24  stm32f4xx_usart.o(.text)
    USART_SetGuardTime                       0x08013eb9   Thumb Code    16  stm32f4xx_usart.o(.text)
    USART_SmartCardCmd                       0x08013ec9   Thumb Code    24  stm32f4xx_usart.o(.text)
    USART_SmartCardNACKCmd                   0x08013ee1   Thumb Code    24  stm32f4xx_usart.o(.text)
    USART_IrDAConfig                         0x08013ef9   Thumb Code    18  stm32f4xx_usart.o(.text)
    USART_IrDACmd                            0x08013f0b   Thumb Code    24  stm32f4xx_usart.o(.text)
    USART_DMACmd                             0x08013f23   Thumb Code    18  stm32f4xx_usart.o(.text)
    USART_ITConfig                           0x08013f35   Thumb Code    74  stm32f4xx_usart.o(.text)
    USART_GetITStatus                        0x08013f7f   Thumb Code   110  stm32f4xx_usart.o(.text)
    USART_ClearITPendingBit                  0x08013fed   Thumb Code    30  stm32f4xx_usart.o(.text)
    CAN_DeInit                               0x0801400d   Thumb Code    50  stm32f4xx_can.o(.text)
    CAN_Init                                 0x0801403f   Thumb Code   276  stm32f4xx_can.o(.text)
    CAN_FilterInit                           0x08014153   Thumb Code   258  stm32f4xx_can.o(.text)
    CAN_StructInit                           0x08014255   Thumb Code    32  stm32f4xx_can.o(.text)
    CAN_SlaveStartBank                       0x08014275   Thumb Code    48  stm32f4xx_can.o(.text)
    CAN_DBGFreeze                            0x080142a5   Thumb Code    22  stm32f4xx_can.o(.text)
    CAN_TTComModeCmd                         0x080142bb   Thumb Code   118  stm32f4xx_can.o(.text)
    CAN_Transmit                             0x08014331   Thumb Code   304  stm32f4xx_can.o(.text)
    CAN_TransmitStatus                       0x08014461   Thumb Code   138  stm32f4xx_can.o(.text)
    CAN_CancelTransmit                       0x080144eb   Thumb Code    48  stm32f4xx_can.o(.text)
    CAN_Receive                              0x0801451b   Thumb Code   240  stm32f4xx_can.o(.text)
    CAN_FIFORelease                          0x0801460b   Thumb Code    22  stm32f4xx_can.o(.text)
    CAN_MessagePending                       0x08014621   Thumb Code    30  stm32f4xx_can.o(.text)
    CAN_OperatingModeRequest                 0x0801463f   Thumb Code   162  stm32f4xx_can.o(.text)
    CAN_Sleep                                0x080146e1   Thumb Code    30  stm32f4xx_can.o(.text)
    CAN_WakeUp                               0x080146ff   Thumb Code    48  stm32f4xx_can.o(.text)
    CAN_GetLastErrorCode                     0x0801472f   Thumb Code    12  stm32f4xx_can.o(.text)
    CAN_GetReceiveErrorCounter               0x0801473b   Thumb Code    10  stm32f4xx_can.o(.text)
    CAN_GetLSBTransmitErrorCounter           0x08014745   Thumb Code    12  stm32f4xx_can.o(.text)
    CAN_ITConfig                             0x08014751   Thumb Code    18  stm32f4xx_can.o(.text)
    CAN_GetFlagStatus                        0x08014763   Thumb Code   120  stm32f4xx_can.o(.text)
    CAN_ClearFlag                            0x080147db   Thumb Code    52  stm32f4xx_can.o(.text)
    CAN_GetITStatus                          0x08014821   Thumb Code   310  stm32f4xx_can.o(.text)
    CAN_ClearITPendingBit                    0x08014957   Thumb Code   162  stm32f4xx_can.o(.text)
    DMA_DeInit                               0x080149fd   Thumb Code   324  stm32f4xx_dma.o(.text)
    DMA_Init                                 0x08014b41   Thumb Code    82  stm32f4xx_dma.o(.text)
    DMA_StructInit                           0x08014b93   Thumb Code    34  stm32f4xx_dma.o(.text)
    DMA_Cmd                                  0x08014bb5   Thumb Code    22  stm32f4xx_dma.o(.text)
    DMA_PeriphIncOffsetSizeConfig            0x08014bcb   Thumb Code    22  stm32f4xx_dma.o(.text)
    DMA_FlowControllerConfig                 0x08014be1   Thumb Code    22  stm32f4xx_dma.o(.text)
    DMA_SetCurrDataCounter                   0x08014bf7   Thumb Code     4  stm32f4xx_dma.o(.text)
    DMA_GetCurrDataCounter                   0x08014bfb   Thumb Code     8  stm32f4xx_dma.o(.text)
    DMA_DoubleBufferModeConfig               0x08014c03   Thumb Code    24  stm32f4xx_dma.o(.text)
    DMA_DoubleBufferModeCmd                  0x08014c1b   Thumb Code    22  stm32f4xx_dma.o(.text)
    DMA_MemoryTargetConfig                   0x08014c31   Thumb Code    10  stm32f4xx_dma.o(.text)
    DMA_GetCurrentMemoryTarget               0x08014c3b   Thumb Code    20  stm32f4xx_dma.o(.text)
    DMA_GetCmdStatus                         0x08014c4f   Thumb Code    20  stm32f4xx_dma.o(.text)
    DMA_GetFIFOStatus                        0x08014c63   Thumb Code    12  stm32f4xx_dma.o(.text)
    DMA_GetFlagStatus                        0x08014c6f   Thumb Code    56  stm32f4xx_dma.o(.text)
    DMA_ClearFlag                            0x08014ca7   Thumb Code    40  stm32f4xx_dma.o(.text)
    DMA_ITConfig                             0x08014ccf   Thumb Code    58  stm32f4xx_dma.o(.text)
    DMA_GetITStatus                          0x08014d09   Thumb Code    84  stm32f4xx_dma.o(.text)
    DMA_ClearITPendingBit                    0x08014d5d   Thumb Code    40  stm32f4xx_dma.o(.text)
    ADC_DeInit                               0x08014da5   Thumb Code    22  stm32f4xx_adc.o(.text)
    ADC_Init                                 0x08014dbb   Thumb Code    74  stm32f4xx_adc.o(.text)
    ADC_StructInit                           0x08014e05   Thumb Code    20  stm32f4xx_adc.o(.text)
    ADC_CommonInit                           0x08014e19   Thumb Code    34  stm32f4xx_adc.o(.text)
    ADC_CommonStructInit                     0x08014e3b   Thumb Code    12  stm32f4xx_adc.o(.text)
    ADC_Cmd                                  0x08014e47   Thumb Code    22  stm32f4xx_adc.o(.text)
    ADC_AnalogWatchdogCmd                    0x08014e5d   Thumb Code    16  stm32f4xx_adc.o(.text)
    ADC_AnalogWatchdogThresholdsConfig       0x08014e6d   Thumb Code     6  stm32f4xx_adc.o(.text)
    ADC_AnalogWatchdogSingleChannelConfig    0x08014e73   Thumb Code    16  stm32f4xx_adc.o(.text)
    ADC_TempSensorVrefintCmd                 0x08014e83   Thumb Code    34  stm32f4xx_adc.o(.text)
    ADC_VBATCmd                              0x08014ea5   Thumb Code    34  stm32f4xx_adc.o(.text)
    ADC_RegularChannelConfig                 0x08014ec7   Thumb Code   184  stm32f4xx_adc.o(.text)
    ADC_SoftwareStartConv                    0x08014f7f   Thumb Code    10  stm32f4xx_adc.o(.text)
    ADC_GetSoftwareStartConvStatus           0x08014f89   Thumb Code    20  stm32f4xx_adc.o(.text)
    ADC_EOCOnEachRegularChannelCmd           0x08014f9d   Thumb Code    22  stm32f4xx_adc.o(.text)
    ADC_ContinuousModeCmd                    0x08014fb3   Thumb Code    22  stm32f4xx_adc.o(.text)
    ADC_DiscModeChannelCountConfig           0x08014fc9   Thumb Code    24  stm32f4xx_adc.o(.text)
    ADC_DiscModeCmd                          0x08014fe1   Thumb Code    22  stm32f4xx_adc.o(.text)
    ADC_GetConversionValue                   0x08014ff7   Thumb Code     8  stm32f4xx_adc.o(.text)
    ADC_GetMultiModeConversionValue          0x08014fff   Thumb Code     8  stm32f4xx_adc.o(.text)
    ADC_DMACmd                               0x08015007   Thumb Code    22  stm32f4xx_adc.o(.text)
    ADC_DMARequestAfterLastTransferCmd       0x0801501d   Thumb Code    22  stm32f4xx_adc.o(.text)
    ADC_MultiModeDMARequestAfterLastTransferCmd 0x08015033   Thumb Code    34  stm32f4xx_adc.o(.text)
    ADC_InjectedChannelConfig                0x08015055   Thumb Code   130  stm32f4xx_adc.o(.text)
    ADC_InjectedSequencerLengthConfig        0x080150d7   Thumb Code    24  stm32f4xx_adc.o(.text)
    ADC_SetInjectedOffset                    0x080150ef   Thumb Code    20  stm32f4xx_adc.o(.text)
    ADC_ExternalTrigInjectedConvConfig       0x08015103   Thumb Code    16  stm32f4xx_adc.o(.text)
    ADC_ExternalTrigInjectedConvEdgeConfig   0x08015113   Thumb Code    16  stm32f4xx_adc.o(.text)
    ADC_SoftwareStartInjectedConv            0x08015123   Thumb Code    10  stm32f4xx_adc.o(.text)
    ADC_GetSoftwareStartInjectedConvCmdStatus 0x0801512d   Thumb Code    20  stm32f4xx_adc.o(.text)
    ADC_AutoInjectedConvCmd                  0x08015141   Thumb Code    22  stm32f4xx_adc.o(.text)
    ADC_InjectedDiscModeCmd                  0x08015157   Thumb Code    22  stm32f4xx_adc.o(.text)
    ADC_GetInjectedConversionValue           0x0801516d   Thumb Code    28  stm32f4xx_adc.o(.text)
    ADC_ITConfig                             0x08015189   Thumb Code    56  stm32f4xx_adc.o(.text)
    ADC_GetFlagStatus                        0x080151c1   Thumb Code    18  stm32f4xx_adc.o(.text)
    ADC_ClearFlag                            0x080151d3   Thumb Code     6  stm32f4xx_adc.o(.text)
    ADC_GetITStatus                          0x080151d9   Thumb Code    38  stm32f4xx_adc.o(.text)
    ADC_ClearITPendingBit                    0x080151ff   Thumb Code    10  stm32f4xx_adc.o(.text)
    IWDG_WriteAccessCmd                      0x08015209   Thumb Code     6  stm32f4xx_iwdg.o(.text)
    IWDG_SetPrescaler                        0x0801520f   Thumb Code     6  stm32f4xx_iwdg.o(.text)
    IWDG_SetReload                           0x08015215   Thumb Code     6  stm32f4xx_iwdg.o(.text)
    IWDG_ReloadCounter                       0x0801521b   Thumb Code    10  stm32f4xx_iwdg.o(.text)
    IWDG_Enable                              0x08015225   Thumb Code    10  stm32f4xx_iwdg.o(.text)
    IWDG_GetFlagStatus                       0x0801522f   Thumb Code    20  stm32f4xx_iwdg.o(.text)
    DAC_DeInit                               0x08015249   Thumb Code    22  stm32f4xx_dac.o(.text)
    DAC_Init                                 0x0801525f   Thumb Code    46  stm32f4xx_dac.o(.text)
    DAC_StructInit                           0x0801528d   Thumb Code    12  stm32f4xx_dac.o(.text)
    DAC_Cmd                                  0x08015299   Thumb Code    34  stm32f4xx_dac.o(.text)
    DAC_SoftwareTriggerCmd                   0x080152bb   Thumb Code    48  stm32f4xx_dac.o(.text)
    DAC_DualSoftwareTriggerCmd               0x080152eb   Thumb Code    38  stm32f4xx_dac.o(.text)
    DAC_WaveGenerationCmd                    0x08015311   Thumb Code    36  stm32f4xx_dac.o(.text)
    DAC_SetChannel1Data                      0x08015335   Thumb Code    26  stm32f4xx_dac.o(.text)
    DAC_SetChannel2Data                      0x0801534f   Thumb Code    26  stm32f4xx_dac.o(.text)
    DAC_SetDualChannelData                   0x08015369   Thumb Code    32  stm32f4xx_dac.o(.text)
    DAC_GetDataOutputValue                   0x08015389   Thumb Code    32  stm32f4xx_dac.o(.text)
    DAC_DMACmd                               0x080153a9   Thumb Code    38  stm32f4xx_dac.o(.text)
    DAC_ITConfig                             0x080153cf   Thumb Code    36  stm32f4xx_dac.o(.text)
    DAC_GetFlagStatus                        0x080153f3   Thumb Code    28  stm32f4xx_dac.o(.text)
    DAC_ClearFlag                            0x0801540f   Thumb Code    12  stm32f4xx_dac.o(.text)
    DAC_GetITStatus                          0x0801541b   Thumb Code    44  stm32f4xx_dac.o(.text)
    DAC_ClearITPendingBit                    0x08015447   Thumb Code    12  stm32f4xx_dac.o(.text)
    arm_cos_f32                              0x08015459   Thumb Code   194  arm_cos_f32.o(.text)
    arm_sin_f32                              0x08015531   Thumb Code   194  arm_sin_f32.o(.text)
    __2sprintf                               0x08015609   Thumb Code    34  noretval__2sprintf.o(.text)
    _printf_pre_padding                      0x08015631   Thumb Code    44  _printf_pad.o(.text)
    _printf_post_padding                     0x0801565d   Thumb Code    34  _printf_pad.o(.text)
    _printf_int_dec                          0x08015681   Thumb Code   104  _printf_dec.o(.text)
    __printf                                 0x080156f9   Thumb Code   308  __printf_flags_wp.o(.text)
    strncmp                                  0x08015831   Thumb Code   150  strncmp.o(.text)
    __aeabi_memcpy                           0x080158c7   Thumb Code     0  rt_memcpy_v6.o(.text)
    __rt_memcpy                              0x080158c7   Thumb Code   138  rt_memcpy_v6.o(.text)
    _memcpy_lastbytes                        0x0801592d   Thumb Code     0  rt_memcpy_v6.o(.text)
    __aeabi_memcpy4                          0x08015951   Thumb Code     0  rt_memcpy_w.o(.text)
    __aeabi_memcpy8                          0x08015951   Thumb Code     0  rt_memcpy_w.o(.text)
    __rt_memcpy_w                            0x08015951   Thumb Code   100  rt_memcpy_w.o(.text)
    _memcpy_lastbytes_aligned                0x08015999   Thumb Code     0  rt_memcpy_w.o(.text)
    __aeabi_memclr4                          0x080159b5   Thumb Code     0  rt_memclr_w.o(.text)
    __aeabi_memclr8                          0x080159b5   Thumb Code     0  rt_memclr_w.o(.text)
    __rt_memclr_w                            0x080159b5   Thumb Code    78  rt_memclr_w.o(.text)
    _memset_w                                0x080159b9   Thumb Code     0  rt_memclr_w.o(.text)
    __use_two_region_memory                  0x08015a03   Thumb Code     2  heapauxi.o(.text)
    __rt_heap_escrow$2region                 0x08015a05   Thumb Code     2  heapauxi.o(.text)
    __rt_heap_expand$2region                 0x08015a07   Thumb Code     2  heapauxi.o(.text)
    __read_errno                             0x08015a09   Thumb Code    10  _rserrno.o(.text)
    __set_errno                              0x08015a13   Thumb Code    12  _rserrno.o(.text)
    _printf_int_common                       0x08015a1f   Thumb Code   178  _printf_intcommon.o(.text)
    _printf_char_common                      0x08015adb   Thumb Code    32  _printf_char_common.o(.text)
    _sputc                                   0x08015b01   Thumb Code    10  _sputc.o(.text)
    __aeabi_errno_addr                       0x08015b0d   Thumb Code     8  rt_errno_addr_intlibspace.o(.text)
    __errno$intlibspace                      0x08015b0d   Thumb Code     0  rt_errno_addr_intlibspace.o(.text)
    __rt_errno_addr$intlibspace              0x08015b0d   Thumb Code     0  rt_errno_addr_intlibspace.o(.text)
    __user_libspace                          0x08015b15   Thumb Code     8  libspace.o(.text)
    __user_perproc_libspace                  0x08015b15   Thumb Code     0  libspace.o(.text)
    __user_perthread_libspace                0x08015b15   Thumb Code     0  libspace.o(.text)
    __user_setup_stackheap                   0x08015b1d   Thumb Code    74  sys_stackheap_outer.o(.text)
    exit                                     0x08015b67   Thumb Code    18  exit.o(.text)
    _sys_exit                                0x08015b79   Thumb Code     8  sys_exit.o(.text)
    __I$use$semihosting                      0x08015b85   Thumb Code     0  use_no_semi.o(.text)
    __use_no_semihosting_swi                 0x08015b85   Thumb Code     2  use_no_semi.o(.text)
    __ARM_fpclassify                         0x08015b87   Thumb Code    48  fpclassify.o(i.__ARM_fpclassify)
    __semihosting_library_function           0x08015b87   Thumb Code     0  indicate_semi.o(.text)
    __ARM_fpclassifyf                        0x08015bb7   Thumb Code    38  fpclassifyf.o(i.__ARM_fpclassifyf)
    __hardfp_atan2f                          0x08015bdd   Thumb Code   502  atan2f.o(i.__hardfp_atan2f)
    __hardfp_cos                             0x08015e31   Thumb Code   180  cos.o(i.__hardfp_cos)
    __hardfp_cosf                            0x08015ef9   Thumb Code   280  cosf.o(i.__hardfp_cosf)
    __hardfp_fabs                            0x08016049   Thumb Code    20  fabs.o(i.__hardfp_fabs)
    __hardfp_pow                             0x08016061   Thumb Code  3072  pow.o(i.__hardfp_pow)
    __hardfp_sin                             0x08016cb1   Thumb Code   180  sin.o(i.__hardfp_sin)
    __hardfp_sinf                            0x08016d79   Thumb Code   344  sinf.o(i.__hardfp_sinf)
    __hardfp_sqrt                            0x08016f09   Thumb Code   122  sqrt.o(i.__hardfp_sqrt)
    __hardfp_sqrtf                           0x08016f83   Thumb Code    58  sqrtf.o(i.__hardfp_sqrtf)
    __ieee754_rem_pio2                       0x08016fc1   Thumb Code   938  rred.o(i.__ieee754_rem_pio2)
    __kernel_cos                             0x080173f9   Thumb Code   322  cos_i.o(i.__kernel_cos)
    __kernel_poly                            0x08017569   Thumb Code   248  poly.o(i.__kernel_poly)
    __kernel_sin                             0x08017661   Thumb Code   280  sin_i.o(i.__kernel_sin)
    __mathlib_dbl_divzero                    0x08017791   Thumb Code    28  dunder.o(i.__mathlib_dbl_divzero)
    __mathlib_dbl_infnan                     0x080177c1   Thumb Code    20  dunder.o(i.__mathlib_dbl_infnan)
    __mathlib_dbl_infnan2                    0x080177d5   Thumb Code    20  dunder.o(i.__mathlib_dbl_infnan2)
    __mathlib_dbl_invalid                    0x080177e9   Thumb Code    24  dunder.o(i.__mathlib_dbl_invalid)
    __mathlib_dbl_overflow                   0x08017809   Thumb Code    24  dunder.o(i.__mathlib_dbl_overflow)
    __mathlib_dbl_underflow                  0x08017829   Thumb Code    24  dunder.o(i.__mathlib_dbl_underflow)
    __mathlib_flt_infnan                     0x08017849   Thumb Code     6  funder.o(i.__mathlib_flt_infnan)
    __mathlib_flt_infnan2                    0x0801784f   Thumb Code     6  funder.o(i.__mathlib_flt_infnan2)
    __mathlib_flt_invalid                    0x08017855   Thumb Code    10  funder.o(i.__mathlib_flt_invalid)
    __mathlib_flt_underflow                  0x08017865   Thumb Code    10  funder.o(i.__mathlib_flt_underflow)
    __mathlib_rredf2                         0x08017875   Thumb Code   316  rredf.o(i.__mathlib_rredf2)
    _is_digit                                0x080179c9   Thumb Code    14  __printf_wp.o(i._is_digit)
    fabs                                     0x080179d7   Thumb Code    24  fabs.o(i.fabs)
    sqrt                                     0x080179ef   Thumb Code   110  sqrt.o(i.sqrt)
    __aeabi_dneg                             0x08017a5d   Thumb Code     0  basic.o(x$fpl$basic)
    _dneg                                    0x08017a5d   Thumb Code     6  basic.o(x$fpl$basic)
    __aeabi_fneg                             0x08017a63   Thumb Code     0  basic.o(x$fpl$basic)
    _fneg                                    0x08017a63   Thumb Code     6  basic.o(x$fpl$basic)
    _dabs                                    0x08017a69   Thumb Code     6  basic.o(x$fpl$basic)
    _fabs                                    0x08017a6f   Thumb Code     6  basic.o(x$fpl$basic)
    __aeabi_d2f                              0x08017a75   Thumb Code     0  d2f.o(x$fpl$d2f)
    _d2f                                     0x08017a75   Thumb Code    98  d2f.o(x$fpl$d2f)
    __aeabi_dadd                             0x08017ad9   Thumb Code     0  daddsub_clz.o(x$fpl$dadd)
    _dadd                                    0x08017ad9   Thumb Code   332  daddsub_clz.o(x$fpl$dadd)
    __fpl_dcheck_NaN1                        0x08017c29   Thumb Code    10  dcheck1.o(x$fpl$dcheck1)
    __fpl_dcmp_Inf                           0x08017c39   Thumb Code    24  dcmpi.o(x$fpl$dcmpinf)
    __aeabi_ddiv                             0x08017c51   Thumb Code     0  ddiv.o(x$fpl$ddiv)
    _ddiv                                    0x08017c51   Thumb Code   552  ddiv.o(x$fpl$ddiv)
    __aeabi_d2iz                             0x08017f01   Thumb Code     0  dfix.o(x$fpl$dfix)
    _dfix                                    0x08017f01   Thumb Code    94  dfix.o(x$fpl$dfix)
    __aeabi_d2uiz                            0x08017f61   Thumb Code     0  dfixu.o(x$fpl$dfixu)
    _dfixu                                   0x08017f61   Thumb Code    90  dfixu.o(x$fpl$dfixu)
    __aeabi_i2d                              0x08017fbb   Thumb Code     0  dflt_clz.o(x$fpl$dflt)
    _dflt                                    0x08017fbb   Thumb Code    46  dflt_clz.o(x$fpl$dflt)
    __aeabi_ui2d                             0x08017fe9   Thumb Code     0  dflt_clz.o(x$fpl$dfltu)
    _dfltu                                   0x08017fe9   Thumb Code    38  dflt_clz.o(x$fpl$dfltu)
    __aeabi_cdcmple                          0x08018011   Thumb Code     0  dleqf.o(x$fpl$dleqf)
    _dcmple                                  0x08018011   Thumb Code   120  dleqf.o(x$fpl$dleqf)
    __fpl_dcmple_InfNaN                      0x08018073   Thumb Code     0  dleqf.o(x$fpl$dleqf)
    __aeabi_dmul                             0x08018089   Thumb Code     0  dmul.o(x$fpl$dmul)
    _dmul                                    0x08018089   Thumb Code   332  dmul.o(x$fpl$dmul)
    __fpl_dnaninf                            0x080181dd   Thumb Code   156  dnaninf.o(x$fpl$dnaninf)
    __fpl_dretinf                            0x08018279   Thumb Code    12  dretinf.o(x$fpl$dretinf)
    __aeabi_cdrcmple                         0x08018285   Thumb Code     0  drleqf.o(x$fpl$drleqf)
    _drcmple                                 0x08018285   Thumb Code   108  drleqf.o(x$fpl$drleqf)
    __aeabi_drsub                            0x080182f1   Thumb Code     0  daddsub_clz.o(x$fpl$drsb)
    _drsb                                    0x080182f1   Thumb Code    22  daddsub_clz.o(x$fpl$drsb)
    _dsqrt                                   0x08018309   Thumb Code   404  dsqrt_umaal.o(x$fpl$dsqrt)
    __aeabi_dsub                             0x080184a1   Thumb Code     0  daddsub_clz.o(x$fpl$dsub)
    _dsub                                    0x080184a1   Thumb Code   464  daddsub_clz.o(x$fpl$dsub)
    __aeabi_f2d                              0x08018675   Thumb Code     0  f2d.o(x$fpl$f2d)
    _f2d                                     0x08018675   Thumb Code    86  f2d.o(x$fpl$f2d)
    __fpl_fnaninf                            0x080186cb   Thumb Code   140  fnaninf.o(x$fpl$fnaninf)
    _fp_init                                 0x08018757   Thumb Code    10  fpinit.o(x$fpl$fpinit)
    __fplib_config_fpu_vfp                   0x0801875f   Thumb Code     0  fpinit.o(x$fpl$fpinit)
    __fplib_config_pureend_doubles           0x0801875f   Thumb Code     0  fpinit.o(x$fpl$fpinit)
    __fpl_fretinf                            0x08018761   Thumb Code    10  fretinf.o(x$fpl$fretinf)
    __fpl_return_NaN                         0x0801876b   Thumb Code   100  retnan.o(x$fpl$retnan)
    __ARM_scalbn                             0x080187cf   Thumb Code    92  scalbn.o(x$fpl$scalbn)
    __fpl_cmpreturn                          0x0801882b   Thumb Code    48  trapv.o(x$fpl$trapveneer)
    __I$use$fp                               0x0801885a   Number         0  usenofp.o(x$fpl$usenofp)
    OSDebugEn                                0x080189a8   Data           2  os_dbg.o(.constdata)
    OSEndiannessTest                         0x080189ac   Data           4  os_dbg.o(.constdata)
    OSEventEn                                0x080189b0   Data           2  os_dbg.o(.constdata)
    OSEventMax                               0x080189b2   Data           2  os_dbg.o(.constdata)
    OSEventNameEn                            0x080189b4   Data           2  os_dbg.o(.constdata)
    OSEventSize                              0x080189b6   Data           2  os_dbg.o(.constdata)
    OSEventTblSize                           0x080189b8   Data           2  os_dbg.o(.constdata)
    OSEventMultiEn                           0x080189ba   Data           2  os_dbg.o(.constdata)
    OSFlagEn                                 0x080189bc   Data           2  os_dbg.o(.constdata)
    OSFlagGrpSize                            0x080189be   Data           2  os_dbg.o(.constdata)
    OSFlagNodeSize                           0x080189c0   Data           2  os_dbg.o(.constdata)
    OSFlagWidth                              0x080189c2   Data           2  os_dbg.o(.constdata)
    OSFlagMax                                0x080189c4   Data           2  os_dbg.o(.constdata)
    OSFlagNameEn                             0x080189c6   Data           2  os_dbg.o(.constdata)
    OSLowestPrio                             0x080189c8   Data           2  os_dbg.o(.constdata)
    OSMboxEn                                 0x080189ca   Data           2  os_dbg.o(.constdata)
    OSMemEn                                  0x080189cc   Data           2  os_dbg.o(.constdata)
    OSMemMax                                 0x080189ce   Data           2  os_dbg.o(.constdata)
    OSMemNameEn                              0x080189d0   Data           2  os_dbg.o(.constdata)
    OSMemSize                                0x080189d2   Data           2  os_dbg.o(.constdata)
    OSMemTblSize                             0x080189d4   Data           2  os_dbg.o(.constdata)
    OSMutexEn                                0x080189d6   Data           2  os_dbg.o(.constdata)
    OSPtrSize                                0x080189d8   Data           2  os_dbg.o(.constdata)
    OSQEn                                    0x080189da   Data           2  os_dbg.o(.constdata)
    OSQMax                                   0x080189dc   Data           2  os_dbg.o(.constdata)
    OSQSize                                  0x080189de   Data           2  os_dbg.o(.constdata)
    OSRdyTblSize                             0x080189e0   Data           2  os_dbg.o(.constdata)
    OSSemEn                                  0x080189e2   Data           2  os_dbg.o(.constdata)
    OSStkWidth                               0x080189e4   Data           2  os_dbg.o(.constdata)
    OSTaskCreateEn                           0x080189e6   Data           2  os_dbg.o(.constdata)
    OSTaskCreateExtEn                        0x080189e8   Data           2  os_dbg.o(.constdata)
    OSTaskDelEn                              0x080189ea   Data           2  os_dbg.o(.constdata)
    OSTaskIdleStkSize                        0x080189ec   Data           2  os_dbg.o(.constdata)
    OSTaskProfileEn                          0x080189ee   Data           2  os_dbg.o(.constdata)
    OSTaskMax                                0x080189f0   Data           2  os_dbg.o(.constdata)
    OSTaskNameEn                             0x080189f2   Data           2  os_dbg.o(.constdata)
    OSTaskStatEn                             0x080189f4   Data           2  os_dbg.o(.constdata)
    OSTaskStatStkSize                        0x080189f6   Data           2  os_dbg.o(.constdata)
    OSTaskStatStkChkEn                       0x080189f8   Data           2  os_dbg.o(.constdata)
    OSTaskSwHookEn                           0x080189fa   Data           2  os_dbg.o(.constdata)
    OSTaskRegTblSize                         0x080189fc   Data           2  os_dbg.o(.constdata)
    OSTCBPrioTblMax                          0x080189fe   Data           2  os_dbg.o(.constdata)
    OSTCBSize                                0x08018a00   Data           2  os_dbg.o(.constdata)
    OSTicksPerSec                            0x08018a02   Data           2  os_dbg.o(.constdata)
    OSTimeTickHookEn                         0x08018a04   Data           2  os_dbg.o(.constdata)
    OSVersionNbr                             0x08018a06   Data           2  os_dbg.o(.constdata)
    OSTmrEn                                  0x08018a08   Data           2  os_dbg.o(.constdata)
    OSTmrCfgMax                              0x08018a0a   Data           2  os_dbg.o(.constdata)
    OSTmrCfgNameEn                           0x08018a0c   Data           2  os_dbg.o(.constdata)
    OSTmrCfgWheelSize                        0x08018a0e   Data           2  os_dbg.o(.constdata)
    OSTmrCfgTicksPerSec                      0x08018a10   Data           2  os_dbg.o(.constdata)
    OSTmrSize                                0x08018a12   Data           2  os_dbg.o(.constdata)
    OSTmrTblSize                             0x08018a14   Data           2  os_dbg.o(.constdata)
    OSTmrWheelSize                           0x08018a16   Data           2  os_dbg.o(.constdata)
    OSTmrWheelTblSize                        0x08018a18   Data           2  os_dbg.o(.constdata)
    OSDataSize                               0x08018a1a   Data           2  os_dbg.o(.constdata)
    OSUnMapTbl                               0x08018a1c   Data         256  os_core.o(.constdata)
    __mathlib_zero                           0x08019408   Data           8  qnan.o(.constdata)
    Region$$Table$$Base                      0x08019520   Number         0  anon$$obj.o(Region$$Table)
    Region$$Table$$Limit                     0x08019540   Number         0  anon$$obj.o(Region$$Table)
    PeriodSem                                0x2000000c   Data           4  task.o(.data)
    velCtrPeriodSem                          0x20000010   Data           4  task.o(.data)
    velCtrCmdSem                             0x20000014   Data           4  task.o(.data)
    gunPeriodSem                             0x20000018   Data           4  task.o(.data)
    gunStatus                                0x2000001c   Data           1  task.o(.data)
    posAngle_EnterManulMode                  0x20000020   Data           4  task.o(.data)
    send3RDOK                                0x20000073   Data           1  pps.o(.data)
    send5THOK                                0x20000074   Data           1  pps.o(.data)
    co3RDOK                                  0x20000075   Data           1  pps.o(.data)
    co5THOK                                  0x20000076   Data           1  pps.o(.data)
    DebugUSARTSendBuffCnt                    0x200000c4   Data           2  dma.o(.data)
    testPath                                 0x200000cc   Data          96  path.o(.data)
    getFirstShagaiPath                       0x2000012c   Data        1248  path.o(.data)
    go2TZPath                                0x2000060c   Data         352  path.o(.data)
    throwFirstShagaiPath                     0x2000076c   Data          64  path.o(.data)
    get2ndShagaiPath                         0x200007ac   Data         464  path.o(.data)
    throw2ndShagaiPath                       0x2000097c   Data         400  path.o(.data)
    get3rdShagaiPath                         0x20000b0c   Data         528  path.o(.data)
    throw3rdShagaiPath                       0x20000d1c   Data         432  path.o(.data)
    finaltVel                                0x20000ecc   Data           8  robot.o(.data)
    shagaiPosionFlag                         0x20000edb   Data           1  robot.o(.data)
    pushShagaiCount                          0x20000f28   Data           1  guncontrol.o(.data)
    gGunPosDataBase                          0x20000f2c   Data          64  guncontrol.o(.data)
    shootPara                                0x20000f6c   Data         192  guncontrol.o(.data)
    SystemCoreClock                          0x20001040   Data           4  system_stm32f4xx.o(.data)
    AHBPrescTable                            0x20001044   Data          16  system_stm32f4xx.o(.data)
    OS_CPU_ExceptStkBase                     0x20001054   Data           4  os_cpu_c.o(.data)
    OSCtxSwCtr                               0x2000105c   Data           4  os_core.o(.data)
    OSEventFreeList                          0x20001060   Data           4  os_core.o(.data)
    OSFlagFreeList                           0x20001064   Data           4  os_core.o(.data)
    OSCPUUsage                               0x20001068   Data           1  os_core.o(.data)
    OSIdleCtrMax                             0x2000106c   Data           4  os_core.o(.data)
    OSIdleCtrRun                             0x20001070   Data           4  os_core.o(.data)
    OSStatRdy                                0x20001074   Data           1  os_core.o(.data)
    OSIntNesting                             0x20001075   Data           1  os_core.o(.data)
    OSLockNesting                            0x20001076   Data           1  os_core.o(.data)
    OSPrioCur                                0x20001077   Data           1  os_core.o(.data)
    OSPrioHighRdy                            0x20001078   Data           1  os_core.o(.data)
    OSRdyGrp                                 0x20001079   Data           1  os_core.o(.data)
    OSRdyTbl                                 0x2000107a   Data           8  os_core.o(.data)
    OSRunning                                0x20001082   Data           1  os_core.o(.data)
    OSTaskCtr                                0x20001083   Data           1  os_core.o(.data)
    OSIdleCtr                                0x20001084   Data           4  os_core.o(.data)
    OSTCBCur                                 0x20001088   Data           4  os_core.o(.data)
    OSTCBFreeList                            0x2000108c   Data           4  os_core.o(.data)
    OSTCBHighRdy                             0x20001090   Data           4  os_core.o(.data)
    OSTCBList                                0x20001094   Data           4  os_core.o(.data)
    OSTickStepState                          0x20001098   Data           1  os_core.o(.data)
    OSMemFreeList                            0x2000109c   Data           4  os_core.o(.data)
    OSQFreeList                              0x200010a0   Data           4  os_core.o(.data)
    OSTime                                   0x200010a4   Data           4  os_core.o(.data)
    OSTmrFree                                0x200010a8   Data           2  os_core.o(.data)
    OSTmrUsed                                0x200010aa   Data           2  os_core.o(.data)
    OSTmrTime                                0x200010ac   Data           4  os_core.o(.data)
    OSTmrSem                                 0x200010b0   Data           4  os_core.o(.data)
    OSTmrSemSignal                           0x200010b4   Data           4  os_core.o(.data)
    OSTmrFreeList                            0x200010b8   Data           4  os_core.o(.data)
    gRobot                                   0x200058cc   Data         540  task.o(.bss)
    laserValue                               0x20005b00   Data          32  pps.o(.bss)
    DebugUSARTSendBuf                        0x20005b64   Data         400  dma.o(.bss)
    DebugUSARTDMASendBuf                     0x20005cf4   Data         400  dma.o(.bss)
    OS_CPU_ExceptStk                         0x2000659c   Data         512  os_cpu_c.o(.bss)
    OSEventTbl                               0x2000679c   Data        1440  os_core.o(.bss)
    OSFlagTbl                                0x20006d3c   Data          80  os_core.o(.bss)
    OSTaskStatStk                            0x20006d8c   Data         512  os_core.o(.bss)
    OSTaskIdleStk                            0x20006f8c   Data         512  os_core.o(.bss)
    OSTCBPrioTbl                             0x2000718c   Data         256  os_core.o(.bss)
    OSTCBTbl                                 0x2000728c   Data        2816  os_core.o(.bss)
    OSMemTbl                                 0x20007d8c   Data         120  os_core.o(.bss)
    OSQTbl                                   0x20007e04   Data          96  os_core.o(.bss)
    OSTmrTbl                                 0x20007e64   Data         640  os_core.o(.bss)
    OSTmrTaskStk                             0x200080e4   Data         512  os_core.o(.bss)
    OSTmrWheelTbl                            0x200082e4   Data          64  os_core.o(.bss)
    __libspace_start                         0x20008324   Data          96  libspace.o(.bss)
    __temporary_stack_top$libspace           0x20008384   Data           0  libspace.o(.bss)



==============================================================================

Memory Map of the image

  Image Entry point : 0x08000189

  Load Region LR_IROM1 (Base: 0x08000000, Size: 0x0001a60c, Max: 0x00080000, ABSOLUTE, COMPRESSED[0x00019ee4])

    Execution Region ER_IROM1 (Exec base: 0x08000000, Load base: 0x08000000, Size: 0x00019540, Max: 0x00080000, ABSOLUTE)

    Exec Addr    Load Addr    Size         Type   Attr      Idx    E Section Name        Object

    0x08000000   0x08000000   0x00000188   Data   RO          847    RESET               startup_stm32f4xx.o
    0x08000188   0x08000188   0x00000008   Code   RO         1520  * !!!main             c_w.l(__main.o)
    0x08000190   0x08000190   0x00000034   Code   RO         1908    !!!scatter          c_w.l(__scatter.o)
    0x080001c4   0x080001c4   0x0000005a   Code   RO         1906    !!dczerorl2         c_w.l(__dczerorl2.o)
    0x0800021e   0x0800021e   0x00000002   PAD
    0x08000220   0x08000220   0x0000001c   Code   RO         1910    !!handler_zi        c_w.l(__scatter_zi.o)
    0x0800023c   0x0800023c   0x00000000   Code   RO         1509    .ARM.Collect$$_printf_percent$$00000000  c_w.l(_printf_percent.o)
    0x0800023c   0x0800023c   0x00000006   Code   RO         1508    .ARM.Collect$$_printf_percent$$00000009  c_w.l(_printf_d.o)
    0x08000242   0x08000242   0x00000004   Code   RO         1669    .ARM.Collect$$_printf_percent$$00000017  c_w.l(_printf_percent_end.o)
    0x08000246   0x08000246   0x00000002   Code   RO         1775    .ARM.Collect$$libinit$$00000000  c_w.l(libinit.o)
    0x08000248   0x08000248   0x00000004   Code   RO         1780    .ARM.Collect$$libinit$$00000001  c_w.l(libinit2.o)
    0x0800024c   0x0800024c   0x00000000   Code   RO         1783    .ARM.Collect$$libinit$$00000004  c_w.l(libinit2.o)
    0x0800024c   0x0800024c   0x00000000   Code   RO         1786    .ARM.Collect$$libinit$$0000000A  c_w.l(libinit2.o)
    0x0800024c   0x0800024c   0x00000000   Code   RO         1788    .ARM.Collect$$libinit$$0000000C  c_w.l(libinit2.o)
    0x0800024c   0x0800024c   0x00000000   Code   RO         1790    .ARM.Collect$$libinit$$0000000E  c_w.l(libinit2.o)
    0x0800024c   0x0800024c   0x00000000   Code   RO         1793    .ARM.Collect$$libinit$$00000011  c_w.l(libinit2.o)
    0x0800024c   0x0800024c   0x00000000   Code   RO         1795    .ARM.Collect$$libinit$$00000013  c_w.l(libinit2.o)
    0x0800024c   0x0800024c   0x00000000   Code   RO         1797    .ARM.Collect$$libinit$$00000015  c_w.l(libinit2.o)
    0x0800024c   0x0800024c   0x00000000   Code   RO         1799    .ARM.Collect$$libinit$$00000017  c_w.l(libinit2.o)
    0x0800024c   0x0800024c   0x00000000   Code   RO         1801    .ARM.Collect$$libinit$$00000019  c_w.l(libinit2.o)
    0x0800024c   0x0800024c   0x00000000   Code   RO         1803    .ARM.Collect$$libinit$$0000001B  c_w.l(libinit2.o)
    0x0800024c   0x0800024c   0x00000000   Code   RO         1805    .ARM.Collect$$libinit$$0000001D  c_w.l(libinit2.o)
    0x0800024c   0x0800024c   0x00000000   Code   RO         1807    .ARM.Collect$$libinit$$0000001F  c_w.l(libinit2.o)
    0x0800024c   0x0800024c   0x00000000   Code   RO         1809    .ARM.Collect$$libinit$$00000021  c_w.l(libinit2.o)
    0x0800024c   0x0800024c   0x00000000   Code   RO         1811    .ARM.Collect$$libinit$$00000023  c_w.l(libinit2.o)
    0x0800024c   0x0800024c   0x00000000   Code   RO         1813    .ARM.Collect$$libinit$$00000025  c_w.l(libinit2.o)
    0x0800024c   0x0800024c   0x00000000   Code   RO         1817    .ARM.Collect$$libinit$$0000002C  c_w.l(libinit2.o)
    0x0800024c   0x0800024c   0x00000000   Code   RO         1819    .ARM.Collect$$libinit$$0000002E  c_w.l(libinit2.o)
    0x0800024c   0x0800024c   0x00000000   Code   RO         1821    .ARM.Collect$$libinit$$00000030  c_w.l(libinit2.o)
    0x0800024c   0x0800024c   0x00000000   Code   RO         1823    .ARM.Collect$$libinit$$00000032  c_w.l(libinit2.o)
    0x0800024c   0x0800024c   0x00000002   Code   RO         1824    .ARM.Collect$$libinit$$00000033  c_w.l(libinit2.o)
    0x0800024e   0x0800024e   0x00000002   Code   RO         1846    .ARM.Collect$$libshutdown$$00000000  c_w.l(libshutdown.o)
    0x08000250   0x08000250   0x00000000   Code   RO         1859    .ARM.Collect$$libshutdown$$00000002  c_w.l(libshutdown2.o)
    0x08000250   0x08000250   0x00000000   Code   RO         1861    .ARM.Collect$$libshutdown$$00000004  c_w.l(libshutdown2.o)
    0x08000250   0x08000250   0x00000000   Code   RO         1864    .ARM.Collect$$libshutdown$$00000007  c_w.l(libshutdown2.o)
    0x08000250   0x08000250   0x00000000   Code   RO         1867    .ARM.Collect$$libshutdown$$0000000A  c_w.l(libshutdown2.o)
    0x08000250   0x08000250   0x00000000   Code   RO         1869    .ARM.Collect$$libshutdown$$0000000C  c_w.l(libshutdown2.o)
    0x08000250   0x08000250   0x00000000   Code   RO         1872    .ARM.Collect$$libshutdown$$0000000F  c_w.l(libshutdown2.o)
    0x08000250   0x08000250   0x00000002   Code   RO         1873    .ARM.Collect$$libshutdown$$00000010  c_w.l(libshutdown2.o)
    0x08000252   0x08000252   0x00000000   Code   RO         1660    .ARM.Collect$$rtentry$$00000000  c_w.l(__rtentry.o)
    0x08000252   0x08000252   0x00000000   Code   RO         1740    .ARM.Collect$$rtentry$$00000002  c_w.l(__rtentry2.o)
    0x08000252   0x08000252   0x00000006   Code   RO         1752    .ARM.Collect$$rtentry$$00000004  c_w.l(__rtentry4.o)
    0x08000258   0x08000258   0x00000000   Code   RO         1742    .ARM.Collect$$rtentry$$00000009  c_w.l(__rtentry2.o)
    0x08000258   0x08000258   0x00000004   Code   RO         1743    .ARM.Collect$$rtentry$$0000000A  c_w.l(__rtentry2.o)
    0x0800025c   0x0800025c   0x00000000   Code   RO         1745    .ARM.Collect$$rtentry$$0000000C  c_w.l(__rtentry2.o)
    0x0800025c   0x0800025c   0x00000008   Code   RO         1746    .ARM.Collect$$rtentry$$0000000D  c_w.l(__rtentry2.o)
    0x08000264   0x08000264   0x00000002   Code   RO         1778    .ARM.Collect$$rtexit$$00000000  c_w.l(rtexit.o)
    0x08000266   0x08000266   0x00000000   Code   RO         1828    .ARM.Collect$$rtexit$$00000002  c_w.l(rtexit2.o)
    0x08000266   0x08000266   0x00000004   Code   RO         1829    .ARM.Collect$$rtexit$$00000003  c_w.l(rtexit2.o)
    0x0800026a   0x0800026a   0x00000006   Code   RO         1830    .ARM.Collect$$rtexit$$00000004  c_w.l(rtexit2.o)
    0x08000270   0x08000270   0x00000074   Code   RO            4    .text               main.o
    0x080002e4   0x080002e4   0x00000f70   Code   RO          102    .text               stm32f4xx_it.o
    0x08001254   0x08001254   0x00000ab4   Code   RO          217    .text               timer.o
    0x08001d08   0x08001d08   0x000000b0   Code   RO          248    .text               gpio.o
    0x08001db8   0x08001db8   0x000005d4   Code   RO          272    .text               usart.o
    0x0800238c   0x0800238c   0x000023f8   Code   RO          303    .text               task.o
    0x08004784   0x08004784   0x00001518   Code   RO          345    .text               elmo.o
    0x08005c9c   0x08005c9c   0x000004b0   Code   RO          388    .text               can.o
    0x0800614c   0x0800614c   0x00001608   Code   RO          422    .text               movebase.o
    0x08007754   0x08007754   0x0000132c   Code   RO          455    .text               pps.o
    0x08008a80   0x08008a80   0x000005d8   Code   RO          483    .text               dma.o
    0x08009058   0x08009058   0x000000a8   Code   RO          517    .text               gasvalvecontrol.o
    0x08009100   0x08009100   0x0000002c   Code   RO          541    .text               iwdg.o
    0x0800912c   0x0800912c   0x00000284   Code   RO          565    .text               path.o
    0x080093b0   0x080093b0   0x00002cac   Code   RO          595    .text               robot.o
    0x0800c05c   0x0800c05c   0x000002f4   Code   RO          640    .text               steerreset.o
    0x0800c350   0x0800c350   0x00001318   Code   RO          667    .text               guncontrol.o
    0x0800d668   0x0800d668   0x00000328   Code   RO          714    .text               adc.o
    0x0800d990   0x0800d990   0x00000144   Code   RO          743    .text               dac.o
    0x0800dad4   0x0800dad4   0x00000a54   Code   RO          767    .text               telecontroller.o
    0x0800e528   0x0800e528   0x000005ec   Code   RO          793    .text               light.o
    0x0800eb14   0x0800eb14   0x00000210   Code   RO          818    .text               system_stm32f4xx.o
    0x0800ed24   0x0800ed24   0x00000050   Code   RO          848    .text               startup_stm32f4xx.o
    0x0800ed74   0x0800ed74   0x000002c8   Code   RO          855    .text               os_cpu_c.o
    0x0800f03c   0x0800f03c   0x000000b8   Code   RO          887    .text               os_cpu_a.o
    0x0800f0f4   0x0800f0f4   0x0000015c   Code   RO          890    .text               os_dbg.o
    0x0800f250   0x0800f250   0x00000d50   Code   RO          905    .text               os_core.o
    0x0800ffa0   0x0800ffa0   0x00000864   Code   RO          925    .text               os_flag.o
    0x08010804   0x08010804   0x00000258   Code   RO          949    .text               os_mem.o
    0x08010a5c   0x08010a5c   0x00000654   Code   RO          973    .text               os_q.o
    0x080110b0   0x080110b0   0x000003e0   Code   RO          985    .text               os_sem.o
    0x08011490   0x08011490   0x0000090c   Code   RO          997    .text               os_task.o
    0x08011d9c   0x08011d9c   0x000001d4   Code   RO         1009    .text               os_time.o
    0x08011f70   0x08011f70   0x000006e0   Code   RO         1021    .text               os_tmr.o
    0x08012650   0x08012650   0x00000012   Code   RO         1036    .text               os_apphooks.o
    0x08012662   0x08012662   0x00000002   PAD
    0x08012664   0x08012664   0x0000025c   Code   RO         1060    .text               stm32f4xx_gpio.o
    0x080128c0   0x080128c0   0x00000588   Code   RO         1084    .text               stm32f4xx_rcc.o
    0x08012e48   0x08012e48   0x000000e0   Code   RO         1110    .text               misc.o
    0x08012f28   0x08012f28   0x00000ca2   Code   RO         1134    .text               stm32f4xx_tim.o
    0x08013bca   0x08013bca   0x00000002   PAD
    0x08013bcc   0x08013bcc   0x0000043e   Code   RO         1158    .text               stm32f4xx_usart.o
    0x0801400a   0x0801400a   0x00000002   PAD
    0x0801400c   0x0801400c   0x000009f0   Code   RO         1182    .text               stm32f4xx_can.o
    0x080149fc   0x080149fc   0x000003a8   Code   RO         1206    .text               stm32f4xx_dma.o
    0x08014da4   0x08014da4   0x00000464   Code   RO         1284    .text               stm32f4xx_adc.o
    0x08015208   0x08015208   0x00000040   Code   RO         1362    .text               stm32f4xx_iwdg.o
    0x08015248   0x08015248   0x00000210   Code   RO         1386    .text               stm32f4xx_dac.o
    0x08015458   0x08015458   0x000000d8   Code   RO         1409    .text               arm_cortexM4lf_math.lib(arm_cos_f32.o)
    0x08015530   0x08015530   0x000000d8   Code   RO         1456    .text               arm_cortexM4lf_math.lib(arm_sin_f32.o)
    0x08015608   0x08015608   0x00000028   Code   RO         1480    .text               c_w.l(noretval__2sprintf.o)
    0x08015630   0x08015630   0x0000004e   Code   RO         1484    .text               c_w.l(_printf_pad.o)
    0x0801567e   0x0801567e   0x00000002   PAD
    0x08015680   0x08015680   0x00000078   Code   RO         1486    .text               c_w.l(_printf_dec.o)
    0x080156f8   0x080156f8   0x00000138   Code   RO         1500    .text               c_w.l(__printf_flags_wp.o)
    0x08015830   0x08015830   0x00000096   Code   RO         1510    .text               c_w.l(strncmp.o)
    0x080158c6   0x080158c6   0x0000008a   Code   RO         1512    .text               c_w.l(rt_memcpy_v6.o)
    0x08015950   0x08015950   0x00000064   Code   RO         1514    .text               c_w.l(rt_memcpy_w.o)
    0x080159b4   0x080159b4   0x0000004e   Code   RO         1516    .text               c_w.l(rt_memclr_w.o)
    0x08015a02   0x08015a02   0x00000006   Code   RO         1518    .text               c_w.l(heapauxi.o)
    0x08015a08   0x08015a08   0x00000016   Code   RO         1661    .text               c_w.l(_rserrno.o)
    0x08015a1e   0x08015a1e   0x000000b2   Code   RO         1663    .text               c_w.l(_printf_intcommon.o)
    0x08015ad0   0x08015ad0   0x00000030   Code   RO         1665    .text               c_w.l(_printf_char_common.o)
    0x08015b00   0x08015b00   0x0000000a   Code   RO         1667    .text               c_w.l(_sputc.o)
    0x08015b0a   0x08015b0a   0x00000002   PAD
    0x08015b0c   0x08015b0c   0x00000008   Code   RO         1757    .text               c_w.l(rt_errno_addr_intlibspace.o)
    0x08015b14   0x08015b14   0x00000008   Code   RO         1763    .text               c_w.l(libspace.o)
    0x08015b1c   0x08015b1c   0x0000004a   Code   RO         1766    .text               c_w.l(sys_stackheap_outer.o)
    0x08015b66   0x08015b66   0x00000012   Code   RO         1768    .text               c_w.l(exit.o)
    0x08015b78   0x08015b78   0x0000000c   Code   RO         1838    .text               c_w.l(sys_exit.o)
    0x08015b84   0x08015b84   0x00000002   Code   RO         1849    .text               c_w.l(use_no_semi.o)
    0x08015b86   0x08015b86   0x00000000   Code   RO         1851    .text               c_w.l(indicate_semi.o)
    0x08015b86   0x08015b86   0x00000030   Code   RO         1704    i.__ARM_fpclassify  m_wm.l(fpclassify.o)
    0x08015bb6   0x08015bb6   0x00000026   Code   RO         1706    i.__ARM_fpclassifyf  m_wm.l(fpclassifyf.o)
    0x08015bdc   0x08015bdc   0x00000250   Code   RO         1556    i.__hardfp_atan2f   m_wm.l(atan2f.o)
    0x08015e2c   0x08015e2c   0x00000004   PAD
    0x08015e30   0x08015e30   0x000000c8   Code   RO         1568    i.__hardfp_cos      m_wm.l(cos.o)
    0x08015ef8   0x08015ef8   0x00000150   Code   RO         1580    i.__hardfp_cosf     m_wm.l(cosf.o)
    0x08016048   0x08016048   0x00000014   Code   RO         1592    i.__hardfp_fabs     m_wm.l(fabs.o)
    0x0801605c   0x0801605c   0x00000004   PAD
    0x08016060   0x08016060   0x00000c50   Code   RO         1598    i.__hardfp_pow      m_wm.l(pow.o)
    0x08016cb0   0x08016cb0   0x000000c8   Code   RO         1612    i.__hardfp_sin      m_wm.l(sin.o)
    0x08016d78   0x08016d78   0x00000190   Code   RO         1624    i.__hardfp_sinf     m_wm.l(sinf.o)
    0x08016f08   0x08016f08   0x0000007a   Code   RO         1636    i.__hardfp_sqrt     m_wm.l(sqrt.o)
    0x08016f82   0x08016f82   0x0000003a   Code   RO         1648    i.__hardfp_sqrtf    m_wm.l(sqrtf.o)
    0x08016fbc   0x08016fbc   0x00000004   PAD
    0x08016fc0   0x08016fc0   0x00000438   Code   RO         1725    i.__ieee754_rem_pio2  m_wm.l(rred.o)
    0x080173f8   0x080173f8   0x00000170   Code   RO         1687    i.__kernel_cos      m_wm.l(cos_i.o)
    0x08017568   0x08017568   0x000000f8   Code   RO         1722    i.__kernel_poly     m_wm.l(poly.o)
    0x08017660   0x08017660   0x00000130   Code   RO         1733    i.__kernel_sin      m_wm.l(sin_i.o)
    0x08017790   0x08017790   0x00000030   Code   RO         1690    i.__mathlib_dbl_divzero  m_wm.l(dunder.o)
    0x080177c0   0x080177c0   0x00000014   Code   RO         1691    i.__mathlib_dbl_infnan  m_wm.l(dunder.o)
    0x080177d4   0x080177d4   0x00000014   Code   RO         1692    i.__mathlib_dbl_infnan2  m_wm.l(dunder.o)
    0x080177e8   0x080177e8   0x00000020   Code   RO         1693    i.__mathlib_dbl_invalid  m_wm.l(dunder.o)
    0x08017808   0x08017808   0x00000020   Code   RO         1694    i.__mathlib_dbl_overflow  m_wm.l(dunder.o)
    0x08017828   0x08017828   0x00000020   Code   RO         1696    i.__mathlib_dbl_underflow  m_wm.l(dunder.o)
    0x08017848   0x08017848   0x00000006   Code   RO         1709    i.__mathlib_flt_infnan  m_wm.l(funder.o)
    0x0801784e   0x0801784e   0x00000006   Code   RO         1710    i.__mathlib_flt_infnan2  m_wm.l(funder.o)
    0x08017854   0x08017854   0x00000010   Code   RO         1711    i.__mathlib_flt_invalid  m_wm.l(funder.o)
    0x08017864   0x08017864   0x00000010   Code   RO         1714    i.__mathlib_flt_underflow  m_wm.l(funder.o)
    0x08017874   0x08017874   0x00000154   Code   RO         1730    i.__mathlib_rredf2  m_wm.l(rredf.o)
    0x080179c8   0x080179c8   0x0000000e   Code   RO         1498    i._is_digit         c_w.l(__printf_wp.o)
    0x080179d6   0x080179d6   0x00000018   Code   RO         1594    i.fabs              m_wm.l(fabs.o)
    0x080179ee   0x080179ee   0x0000006e   Code   RO         1638    i.sqrt              m_wm.l(sqrt.o)
    0x08017a5c   0x08017a5c   0x00000018   Code   RO         1670    x$fpl$basic         fz_wm.l(basic.o)
    0x08017a74   0x08017a74   0x00000062   Code   RO         1522    x$fpl$d2f           fz_wm.l(d2f.o)
    0x08017ad6   0x08017ad6   0x00000002   PAD
    0x08017ad8   0x08017ad8   0x00000150   Code   RO         1524    x$fpl$dadd          fz_wm.l(daddsub_clz.o)
    0x08017c28   0x08017c28   0x00000010   Code   RO         1761    x$fpl$dcheck1       fz_wm.l(dcheck1.o)
    0x08017c38   0x08017c38   0x00000018   Code   RO         1672    x$fpl$dcmpinf       fz_wm.l(dcmpi.o)
    0x08017c50   0x08017c50   0x000002b0   Code   RO         1531    x$fpl$ddiv          fz_wm.l(ddiv.o)
    0x08017f00   0x08017f00   0x0000005e   Code   RO         1534    x$fpl$dfix          fz_wm.l(dfix.o)
    0x08017f5e   0x08017f5e   0x00000002   PAD
    0x08017f60   0x08017f60   0x0000005a   Code   RO         1538    x$fpl$dfixu         fz_wm.l(dfixu.o)
    0x08017fba   0x08017fba   0x0000002e   Code   RO         1543    x$fpl$dflt          fz_wm.l(dflt_clz.o)
    0x08017fe8   0x08017fe8   0x00000026   Code   RO         1542    x$fpl$dfltu         fz_wm.l(dflt_clz.o)
    0x0801800e   0x0801800e   0x00000002   PAD
    0x08018010   0x08018010   0x00000078   Code   RO         1548    x$fpl$dleqf         fz_wm.l(dleqf.o)
    0x08018088   0x08018088   0x00000154   Code   RO         1550    x$fpl$dmul          fz_wm.l(dmul.o)
    0x080181dc   0x080181dc   0x0000009c   Code   RO         1674    x$fpl$dnaninf       fz_wm.l(dnaninf.o)
    0x08018278   0x08018278   0x0000000c   Code   RO         1676    x$fpl$dretinf       fz_wm.l(dretinf.o)
    0x08018284   0x08018284   0x0000006c   Code   RO         1552    x$fpl$drleqf        fz_wm.l(drleqf.o)
    0x080182f0   0x080182f0   0x00000016   Code   RO         1525    x$fpl$drsb          fz_wm.l(daddsub_clz.o)
    0x08018306   0x08018306   0x00000002   PAD
    0x08018308   0x08018308   0x00000198   Code   RO         1678    x$fpl$dsqrt         fz_wm.l(dsqrt_umaal.o)
    0x080184a0   0x080184a0   0x000001d4   Code   RO         1526    x$fpl$dsub          fz_wm.l(daddsub_clz.o)
    0x08018674   0x08018674   0x00000056   Code   RO         1554    x$fpl$f2d           fz_wm.l(f2d.o)
    0x080186ca   0x080186ca   0x0000008c   Code   RO         1680    x$fpl$fnaninf       fz_wm.l(fnaninf.o)
    0x08018756   0x08018756   0x0000000a   Code   RO         1836    x$fpl$fpinit        fz_wm.l(fpinit.o)
    0x08018760   0x08018760   0x0000000a   Code   RO         1682    x$fpl$fretinf       fz_wm.l(fretinf.o)
    0x0801876a   0x0801876a   0x00000064   Code   RO         1776    x$fpl$retnan        fz_wm.l(retnan.o)
    0x080187ce   0x080187ce   0x0000005c   Code   RO         1684    x$fpl$scalbn        fz_wm.l(scalbn.o)
    0x0801882a   0x0801882a   0x00000030   Code   RO         1825    x$fpl$trapveneer    fz_wm.l(trapv.o)
    0x0801885a   0x0801885a   0x00000000   Code   RO         1686    x$fpl$usenofp       fz_wm.l(usenofp.o)
    0x0801885a   0x0801885a   0x00000002   PAD
    0x0801885c   0x0801885c   0x000000e0   Data   RO          346    .constdata          elmo.o
    0x0801893c   0x0801893c   0x00000020   Data   RO          597    .constdata          robot.o
    0x0801895c   0x0801895c   0x00000002   Data   RO          669    .constdata          guncontrol.o
    0x0801895e   0x0801895e   0x00000002   PAD
    0x08018960   0x08018960   0x00000048   Data   RO          794    .constdata          light.o
    0x080189a8   0x080189a8   0x00000074   Data   RO          891    .constdata          os_dbg.o
    0x08018a1c   0x08018a1c   0x00000100   Data   RO          907    .constdata          os_core.o
    0x08018b1c   0x08018b1c   0x00000410   Data   RO         1410    .constdata          arm_cortexM4lf_math.lib(arm_cos_f32.o)
    0x08018f2c   0x08018f2c   0x0000040c   Data   RO         1457    .constdata          arm_cortexM4lf_math.lib(arm_sin_f32.o)
    0x08019338   0x08019338   0x00000011   Data   RO         1501    .constdata          c_w.l(__printf_flags_wp.o)
    0x08019349   0x08019349   0x00000007   PAD
    0x08019350   0x08019350   0x00000088   Data   RO         1601    .constdata          m_wm.l(pow.o)
    0x080193d8   0x080193d8   0x00000030   Data   RO         1688    .constdata          m_wm.l(cos_i.o)
    0x08019408   0x08019408   0x00000008   Data   RO         1724    .constdata          m_wm.l(qnan.o)
    0x08019410   0x08019410   0x000000c8   Data   RO         1727    .constdata          m_wm.l(rred.o)
    0x080194d8   0x080194d8   0x00000020   Data   RO         1731    .constdata          m_wm.l(rredf.o)
    0x080194f8   0x080194f8   0x00000028   Data   RO         1734    .constdata          m_wm.l(sin_i.o)
    0x08019520   0x08019520   0x00000020   Data   RO         1904    Region$$Table       anon$$obj.o


    Execution Region RW_IRAM1 (Exec base: 0x20000000, Load base: 0x08019540, Size: 0x00014388, Max: 0x00020000, ABSOLUTE, COMPRESSED[0x000009a4])

    Exec Addr    Load Addr    Size         Type   Attr      Idx    E Section Name        Object

    0x20000000   COMPRESSED   0x0000000c   Data   RW          103    .data               stm32f4xx_it.o
    0x2000000c   COMPRESSED   0x0000002d   Data   RW          305    .data               task.o
    0x20000039   COMPRESSED   0x00000003   PAD
    0x2000003c   COMPRESSED   0x00000034   Data   RW          423    .data               movebase.o
    0x20000070   COMPRESSED   0x00000054   Data   RW          457    .data               pps.o
    0x200000c4   COMPRESSED   0x00000008   Data   RW          485    .data               dma.o
    0x200000cc   COMPRESSED   0x00000e00   Data   RW          566    .data               path.o
    0x20000ecc   COMPRESSED   0x00000058   Data   RW          598    .data               robot.o
    0x20000f24   COMPRESSED   0x00000004   Data   RW          642    .data               steerreset.o
    0x20000f28   COMPRESSED   0x00000109   Data   RW          670    .data               guncontrol.o
    0x20001031   COMPRESSED   0x0000000e   Data   RW          768    .data               telecontroller.o
    0x2000103f   COMPRESSED   0x00000001   PAD
    0x20001040   COMPRESSED   0x00000014   Data   RW          819    .data               system_stm32f4xx.o
    0x20001054   COMPRESSED   0x00000006   Data   RW          857    .data               os_cpu_c.o
    0x2000105a   COMPRESSED   0x00000002   PAD
    0x2000105c   COMPRESSED   0x00000060   Data   RW          908    .data               os_core.o
    0x200010bc   COMPRESSED   0x00000010   Data   RW         1085    .data               stm32f4xx_rcc.o
    0x200010cc        -       0x00000400   Zero   RW            5    .bss                main.o
    0x200014cc        -       0x0000461c   Zero   RW          304    .bss                task.o
    0x20005ae8        -       0x0000007c   Zero   RW          456    .bss                pps.o
    0x20005b64        -       0x00000320   Zero   RW          484    .bss                dma.o
    0x20005e84        -       0x000000a0   Zero   RW          596    .bss                robot.o
    0x20005f24        -       0x000000b4   Zero   RW          641    .bss                steerreset.o
    0x20005fd8        -       0x00000498   Zero   RW          668    .bss                guncontrol.o
    0x20006470        -       0x0000012c   Zero   RW          715    .bss                adc.o
    0x2000659c        -       0x00000200   Zero   RW          856    .bss                os_cpu_c.o
    0x2000679c        -       0x00001b88   Zero   RW          906    .bss                os_core.o
    0x20008324        -       0x00000060   Zero   RW         1764    .bss                c_w.l(libspace.o)
    0x20008384   COMPRESSED   0x00000004   PAD
    0x20008388        -       0x00006000   Zero   RW          846    HEAP                startup_stm32f4xx.o
    0x2000e388        -       0x00006000   Zero   RW          845    STACK               startup_stm32f4xx.o


==============================================================================

Image component sizes


      Code (inc. data)   RO Data    RW Data    ZI Data      Debug   Object Name

       808         24          0          0        300      16453   adc.o
      1200         24          0          0          0       3037   can.o
       324         30          0          0          0       1170   dac.o
      1496         36          0          8        800      17136   dma.o
      5400         94        224          0          0      19252   elmo.o
       168         12          0          0          0       1314   gasvalvecontrol.o
       176         10          0          0          0       1531   gpio.o
      4888        446          2        265       1176      14684   guncontrol.o
        44          0          0          0          0        690   iwdg.o
      1516         26         72          0          0       3725   light.o
       116         18          0          0       1024     230046   main.o
       224         20          0          0          0       1973   misc.o
      5640        334          0         52          0      20935   movebase.o
        18          0          0          0          0       1527   os_apphooks.o
      3408        290        256         96       7048      19443   os_core.o
       184         32          0          0          0        320   os_cpu_a.o
       712         28          0          6        512      12403   os_cpu_c.o
       348        230        116          0          0       3402   os_dbg.o
      2148         44          0          0          0       7344   os_flag.o
       600         16          0          0          0       3512   os_mem.o
      1620         34          0          0          0       6021   os_q.o
       992         22          0          0          0       4174   os_sem.o
      2316         76          0          0          0       8493   os_task.o
       468         28          0          0          0       1938   os_time.o
      1760        132          0          0          0       5893   os_tmr.o
       644         34          0       3584          0       2598   path.o
      4908        784          0         84        124       8215   pps.o
     11436       1086         32         88        160      18633   robot.o
        80         32        392          0      49152        880   startup_stm32f4xx.o
       756         64          0          4        180       2914   steerreset.o
      1124         24          0          0          0      10842   stm32f4xx_adc.o
      2544         38          0          0          0       8296   stm32f4xx_can.o
       528          6          0          0          0       5185   stm32f4xx_dac.o
       936         32          0          0          0       6549   stm32f4xx_dma.o
       604         36          0          0          0       4277   stm32f4xx_gpio.o
      3952        386          0         12          0      55862   stm32f4xx_it.o
        64          6          0          0          0       1401   stm32f4xx_iwdg.o
      1416         48          0         16          0      11223   stm32f4xx_rcc.o
      3234         60          0          0          0      23164   stm32f4xx_tim.o
      1086         26          0          0          0       8076   stm32f4xx_usart.o
       528         46          0         20          0       1879   system_stm32f4xx.o
      9208       1778          0         45      17948      11805   task.o
      2644        396          0         14          0       3985   telecontroller.o
      2740         82          0          0          0      20535   timer.o
      1492         44          0          0          0       6469   usart.o

    ----------------------------------------------------------------------
     86504       7014       1128       4300      78424     619204   Object Totals
         0          0         32          0          0          0   (incl. Generated)
         6          0          2          6          0          0   (incl. Padding)

    ----------------------------------------------------------------------

      Code (inc. data)   RO Data    RW Data    ZI Data      Debug   Library Member Name

       216         22       1040          0          0      16570   arm_cos_f32.o
       216         22       1036          0          0       1382   arm_sin_f32.o
        90          0          0          0          0          0   __dczerorl2.o
         8          0          0          0          0         68   __main.o
       312          4         17          0          0         92   __printf_flags_wp.o
        14          0          0          0          0         68   __printf_wp.o
         0          0          0          0          0          0   __rtentry.o
        12          0          0          0          0          0   __rtentry2.o
         6          0          0          0          0          0   __rtentry4.o
        52          8          0          0          0          0   __scatter.o
        28          0          0          0          0          0   __scatter_zi.o
        48          6          0          0          0         96   _printf_char_common.o
         6          0          0          0          0          0   _printf_d.o
       120         16          0          0          0         92   _printf_dec.o
       178          0          0          0          0         88   _printf_intcommon.o
        78          0          0          0          0        108   _printf_pad.o
         0          0          0          0          0          0   _printf_percent.o
         4          0          0          0          0          0   _printf_percent_end.o
        22          0          0          0          0        100   _rserrno.o
        10          0          0          0          0         68   _sputc.o
        18          0          0          0          0         80   exit.o
         6          0          0          0          0        152   heapauxi.o
         0          0          0          0          0          0   indicate_semi.o
         2          0          0          0          0          0   libinit.o
         6          0          0          0          0          0   libinit2.o
         2          0          0          0          0          0   libshutdown.o
         2          0          0          0          0          0   libshutdown2.o
         8          4          0          0         96         68   libspace.o
        40          6          0          0          0         84   noretval__2sprintf.o
         8          4          0          0          0         68   rt_errno_addr_intlibspace.o
        78          0          0          0          0         80   rt_memclr_w.o
       138          0          0          0          0         68   rt_memcpy_v6.o
       100          0          0          0          0         80   rt_memcpy_w.o
         2          0          0          0          0          0   rtexit.o
        10          0          0          0          0          0   rtexit2.o
       150          0          0          0          0         80   strncmp.o
        12          4          0          0          0         68   sys_exit.o
        74          0          0          0          0         80   sys_stackheap_outer.o
         2          0          0          0          0         68   use_no_semi.o
        24          0          0          0          0        164   basic.o
        98          4          0          0          0        140   d2f.o
       826         16          0          0          0        492   daddsub_clz.o
        16          4          0          0          0        116   dcheck1.o
        24          0          0          0          0        116   dcmpi.o
       688        140          0          0          0        256   ddiv.o
        94          4          0          0          0        140   dfix.o
        90          4          0          0          0        140   dfixu.o
        84          0          0          0          0        232   dflt_clz.o
       120          4          0          0          0        140   dleqf.o
       340         12          0          0          0        152   dmul.o
       156          4          0          0          0        140   dnaninf.o
        12          0          0          0          0        116   dretinf.o
       108          0          0          0          0        128   drleqf.o
       408         56          0          0          0        168   dsqrt_umaal.o
        86          4          0          0          0        132   f2d.o
       140          4          0          0          0        132   fnaninf.o
        10          0          0          0          0        116   fpinit.o
        10          0          0          0          0        116   fretinf.o
       100          0          0          0          0        116   retnan.o
        92          0          0          0          0        116   scalbn.o
        48          0          0          0          0        116   trapv.o
         0          0          0          0          0          0   usenofp.o
       592         90          0          0          0        184   atan2f.o
       200         20          0          0          0        164   cos.o
       368         46         48          0          0        200   cos_i.o
       336         56          0          0          0        136   cosf.o
       184         44          0          0          0        744   dunder.o
        44          0          0          0          0        248   fabs.o
        48          0          0          0          0        124   fpclassify.o
        38          0          0          0          0        116   fpclassifyf.o
        44         12          0          0          0        464   funder.o
       248          0          0          0          0        152   poly.o
      3152        296        136          0          0        352   pow.o
         0          0          8          0          0          0   qnan.o
      1080        142        200          0          0        188   rred.o
       340         24         32          0          0        160   rredf.o
       200         20          0          0          0        164   sin.o
       304         24         40          0          0        208   sin_i.o
       400         56          0          0          0        212   sinf.o
       232          0          0          0          0        296   sqrt.o
        58          0          0          0          0        136   sqrtf.o

    ----------------------------------------------------------------------
     13548       1186       2564          0        100      27440   Library Totals
        28          4          7          0          4          0   (incl. Padding)

    ----------------------------------------------------------------------

      Code (inc. data)   RO Data    RW Data    ZI Data      Debug   Library Name

       432         44       2076          0          0      17952   arm_cortexM4lf_math.lib
      1646         52         17          0         96       1756   c_w.l
      3574        256          0          0          0       3484   fz_wm.l
      7868        830        464          0          0       4248   m_wm.l

    ----------------------------------------------------------------------
     13548       1186       2564          0        100      27440   Library Totals

    ----------------------------------------------------------------------

==============================================================================


      Code (inc. data)   RO Data    RW Data    ZI Data      Debug   

    100052       8200       3692       4300      78524     631060   Grand Totals
    100052       8200       3692       2468      78524     631060   ELF Image Totals (compressed)
    100052       8200       3692       2468          0          0   ROM Totals

==============================================================================

    Total RO  Size (Code + RO Data)               103744 ( 101.31kB)
    Total RW  Size (RW Data + ZI Data)             82824 (  80.88kB)
    Total ROM Size (Code + RO Data + RW Data)     106212 ( 103.72kB)

==============================================================================

